Component: ARM Compiler 5.06 update 6 (build 750) Tool: armlink [4d35ed]

==============================================================================

Section Cross References

    startup_stm32f427xx.o(STACK) refers (Special) to heapauxi.o(.text) for __use_two_region_memory
    startup_stm32f427xx.o(HEAP) refers (Special) to heapauxi.o(.text) for __use_two_region_memory
    startup_stm32f427xx.o(RESET) refers (Special) to heapauxi.o(.text) for __use_two_region_memory
    startup_stm32f427xx.o(RESET) refers to startup_stm32f427xx.o(STACK) for __initial_sp
    startup_stm32f427xx.o(RESET) refers to startup_stm32f427xx.o(.text) for Reset_Handler
    startup_stm32f427xx.o(RESET) refers to stm32f4xx_it.o(i.NMI_Handler) for NMI_Handler
    startup_stm32f427xx.o(RESET) refers to stm32f4xx_it.o(i.HardFault_Handler) for HardFault_Handler
    startup_stm32f427xx.o(RESET) refers to stm32f4xx_it.o(i.MemManage_Handler) for MemManage_Handler
    startup_stm32f427xx.o(RESET) refers to stm32f4xx_it.o(i.BusFault_Handler) for BusFault_Handler
    startup_stm32f427xx.o(RESET) refers to stm32f4xx_it.o(i.UsageFault_Handler) for UsageFault_Handler
    startup_stm32f427xx.o(RESET) refers to stm32f4xx_it.o(i.DebugMon_Handler) for DebugMon_Handler
    startup_stm32f427xx.o(RESET) refers to delay.o(i.SysTick_Handler) for SysTick_Handler
    startup_stm32f427xx.o(RESET) refers to exit_init.o(i.EXTI0_IRQHandler) for EXTI0_IRQHandler
    startup_stm32f427xx.o(RESET) refers to exit_init.o(i.EXTI1_IRQHandler) for EXTI1_IRQHandler
    startup_stm32f427xx.o(RESET) refers to can_receive.o(i.CAN1_RX0_IRQHandler) for CAN1_RX0_IRQHandler
    startup_stm32f427xx.o(RESET) refers to ins_task.o(i.EXTI9_5_IRQHandler) for EXTI9_5_IRQHandler
    startup_stm32f427xx.o(RESET) refers to remote_control.o(i.USART1_IRQHandler) for USART1_IRQHandler
    startup_stm32f427xx.o(RESET) refers to can_receive.o(i.TIM6_DAC_IRQHandler) for TIM6_DAC_IRQHandler
    startup_stm32f427xx.o(RESET) refers to can_receive.o(i.CAN2_RX0_IRQHandler) for CAN2_RX0_IRQHandler
    startup_stm32f427xx.o(RESET) refers to ins_task.o(i.DMA2_Stream5_IRQHandler) for DMA2_Stream5_IRQHandler
    startup_stm32f427xx.o(RESET) refers to referee_usart_task.o(i.USART6_IRQHandler) for USART6_IRQHandler
    startup_stm32f427xx.o(RESET) refers to uart7.o(i.UART7_IRQHandler) for UART7_IRQHandler
    startup_stm32f427xx.o(RESET) refers to uart8.o(i.UART8_IRQHandler) for UART8_IRQHandler
    startup_stm32f427xx.o(.text) refers (Special) to heapauxi.o(.text) for __use_two_region_memory
    startup_stm32f427xx.o(.text) refers to system_stm32f4xx.o(i.SystemInit) for SystemInit
    startup_stm32f427xx.o(.text) refers to __main.o(!!!main) for __main
    startup_stm32f427xx.o(.text) refers to startup_stm32f427xx.o(HEAP) for Heap_Mem
    startup_stm32f427xx.o(.text) refers to startup_stm32f427xx.o(STACK) for Stack_Mem
    system_stm32f4xx.o(i.SystemCoreClockUpdate) refers to system_stm32f4xx.o(.data) for SystemCoreClock
    system_stm32f4xx.o(i.SystemInit) refers to system_stm32f4xx.o(i.SetSysClock) for SetSysClock
    stm32f4xx_adc.o(i.ADC_DeInit) refers to stm32f4xx_rcc.o(i.RCC_APB2PeriphResetCmd) for RCC_APB2PeriphResetCmd
    stm32f4xx_can.o(i.CAN_DeInit) refers to stm32f4xx_rcc.o(i.RCC_APB1PeriphResetCmd) for RCC_APB1PeriphResetCmd
    stm32f4xx_can.o(i.CAN_GetITStatus) refers to stm32f4xx_can.o(i.CheckITStatus) for CheckITStatus
    stm32f4xx_cryp.o(i.CRYP_DeInit) refers to stm32f4xx_rcc.o(i.RCC_AHB2PeriphResetCmd) for RCC_AHB2PeriphResetCmd
    stm32f4xx_cryp_aes.o(i.CRYP_AES_CBC) refers to stm32f4xx_cryp.o(i.CRYP_KeyStructInit) for CRYP_KeyStructInit
    stm32f4xx_cryp_aes.o(i.CRYP_AES_CBC) refers to stm32f4xx_cryp.o(i.CRYP_FIFOFlush) for CRYP_FIFOFlush
    stm32f4xx_cryp_aes.o(i.CRYP_AES_CBC) refers to stm32f4xx_cryp.o(i.CRYP_Init) for CRYP_Init
    stm32f4xx_cryp_aes.o(i.CRYP_AES_CBC) refers to stm32f4xx_cryp.o(i.CRYP_KeyInit) for CRYP_KeyInit
    stm32f4xx_cryp_aes.o(i.CRYP_AES_CBC) refers to stm32f4xx_cryp.o(i.CRYP_Cmd) for CRYP_Cmd
    stm32f4xx_cryp_aes.o(i.CRYP_AES_CBC) refers to stm32f4xx_cryp.o(i.CRYP_GetFlagStatus) for CRYP_GetFlagStatus
    stm32f4xx_cryp_aes.o(i.CRYP_AES_CBC) refers to stm32f4xx_cryp.o(i.CRYP_IVInit) for CRYP_IVInit
    stm32f4xx_cryp_aes.o(i.CRYP_AES_CBC) refers to stm32f4xx_cryp.o(i.CRYP_GetCmdStatus) for CRYP_GetCmdStatus
    stm32f4xx_cryp_aes.o(i.CRYP_AES_CBC) refers to stm32f4xx_cryp.o(i.CRYP_DataIn) for CRYP_DataIn
    stm32f4xx_cryp_aes.o(i.CRYP_AES_CBC) refers to stm32f4xx_cryp.o(i.CRYP_DataOut) for CRYP_DataOut
    stm32f4xx_cryp_aes.o(i.CRYP_AES_CCM) refers to stm32f4xx_cryp.o(i.CRYP_KeyStructInit) for CRYP_KeyStructInit
    stm32f4xx_cryp_aes.o(i.CRYP_AES_CCM) refers to stm32f4xx_cryp.o(i.CRYP_FIFOFlush) for CRYP_FIFOFlush
    stm32f4xx_cryp_aes.o(i.CRYP_AES_CCM) refers to stm32f4xx_cryp.o(i.CRYP_KeyInit) for CRYP_KeyInit
    stm32f4xx_cryp_aes.o(i.CRYP_AES_CCM) refers to stm32f4xx_cryp.o(i.CRYP_IVInit) for CRYP_IVInit
[...]
    EXTI3_IRQHandler                         0x080002b1   Thumb Code     0  startup_stm32f427xx.o(.text)
    EXTI4_IRQHandler                         0x080002b1   Thumb Code     0  startup_stm32f427xx.o(.text)
    FLASH_IRQHandler                         0x080002b1   Thumb Code     0  startup_stm32f427xx.o(.text)
    FMC_IRQHandler                           0x080002b1   Thumb Code     0  startup_stm32f427xx.o(.text)
    FPU_IRQHandler                           0x080002b1   Thumb Code     0  startup_stm32f427xx.o(.text)
    HASH_RNG_IRQHandler                      0x080002b1   Thumb Code     0  startup_stm32f427xx.o(.text)
    I2C1_ER_IRQHandler                       0x080002b1   Thumb Code     0  startup_stm32f427xx.o(.text)
    I2C1_EV_IRQHandler                       0x080002b1   Thumb Code     0  startup_stm32f427xx.o(.text)
    I2C2_ER_IRQHandler                       0x080002b1   Thumb Code     0  startup_stm32f427xx.o(.text)
    I2C2_EV_IRQHandler                       0x080002b1   Thumb Code     0  startup_stm32f427xx.o(.text)
    I2C3_ER_IRQHandler                       0x080002b1   Thumb Code     0  startup_stm32f427xx.o(.text)
    I2C3_EV_IRQHandler                       0x080002b1   Thumb Code     0  startup_stm32f427xx.o(.text)
    OTG_FS_IRQHandler                        0x080002b1   Thumb Code     0  startup_stm32f427xx.o(.text)
    OTG_FS_WKUP_IRQHandler                   0x080002b1   Thumb Code     0  startup_stm32f427xx.o(.text)
    OTG_HS_EP1_IN_IRQHandler                 0x080002b1   Thumb Code     0  startup_stm32f427xx.o(.text)
    OTG_HS_EP1_OUT_IRQHandler                0x080002b1   Thumb Code     0  startup_stm32f427xx.o(.text)
    OTG_HS_IRQHandler                        0x080002b1   Thumb Code     0  startup_stm32f427xx.o(.text)
    OTG_HS_WKUP_IRQHandler                   0x080002b1   Thumb Code     0  startup_stm32f427xx.o(.text)
    PVD_IRQHandler                           0x080002b1   Thumb Code     0  startup_stm32f427xx.o(.text)
    RCC_IRQHandler                           0x080002b1   Thumb Code     0  startup_stm32f427xx.o(.text)
    RTC_Alarm_IRQHandler                     0x080002b1   Thumb Code     0  startup_stm32f427xx.o(.text)
    RTC_WKUP_IRQHandler                      0x080002b1   Thumb Code     0  startup_stm32f427xx.o(.text)
    SAI1_IRQHandler                          0x080002b1   Thumb Code     0  startup_stm32f427xx.o(.text)
    SDIO_IRQHandler                          0x080002b1   Thumb Code     0  startup_stm32f427xx.o(.text)
    SPI1_IRQHandler                          0x080002b1   Thumb Code     0  startup_stm32f427xx.o(.text)
    SPI2_IRQHandler                          0x080002b1   Thumb Code     0  startup_stm32f427xx.o(.text)
    SPI3_IRQHandler                          0x080002b1   Thumb Code     0  startup_stm32f427xx.o(.text)
    SPI4_IRQHandler                          0x080002b1   Thumb Code     0  startup_stm32f427xx.o(.text)
    SPI5_IRQHandler                          0x080002b1   Thumb Code     0  startup_stm32f427xx.o(.text)
    SPI6_IRQHandler                          0x080002b1   Thumb Code     0  startup_stm32f427xx.o(.text)
    TAMP_STAMP_IRQHandler                    0x080002b1   Thumb Code     0  startup_stm32f427xx.o(.text)
    TIM1_BRK_TIM9_IRQHandler                 0x080002b1   Thumb Code     0  startup_stm32f427xx.o(.text)
    TIM1_CC_IRQHandler                       0x080002b1   Thumb Code     0  startup_stm32f427xx.o(.text)
    TIM1_TRG_COM_TIM11_IRQHandler            0x080002b1   Thumb Code     0  startup_stm32f427xx.o(.text)
    TIM1_UP_TIM10_IRQHandler                 0x080002b1   Thumb Code     0  startup_stm32f427xx.o(.text)
    TIM2_IRQHandler                          0x080002b1   Thumb Code     0  startup_stm32f427xx.o(.text)
    TIM3_IRQHandler                          0x080002b1   Thumb Code     0  startup_stm32f427xx.o(.text)
    TIM4_IRQHandler                          0x080002b1   Thumb Code     0  startup_stm32f427xx.o(.text)
    TIM5_IRQHandler                          0x080002b1   Thumb Code     0  startup_stm32f427xx.o(.text)
    TIM7_IRQHandler                          0x080002b1   Thumb Code     0  startup_stm32f427xx.o(.text)
    TIM8_BRK_TIM12_IRQHandler                0x080002b1   Thumb Code     0  startup_stm32f427xx.o(.text)
    TIM8_CC_IRQHandler                       0x080002b1   Thumb Code     0  startup_stm32f427xx.o(.text)
    TIM8_TRG_COM_TIM14_IRQHandler            0x080002b1   Thumb Code     0  startup_stm32f427xx.o(.text)
    TIM8_UP_TIM13_IRQHandler                 0x080002b1   Thumb Code     0  startup_stm32f427xx.o(.text)
    UART4_IRQHandler                         0x080002b1   Thumb Code     0  startup_stm32f427xx.o(.text)
    UART5_IRQHandler                         0x080002b1   Thumb Code     0  startup_stm32f427xx.o(.text)
    USART2_IRQHandler                        0x080002b1   Thumb Code     0  startup_stm32f427xx.o(.text)
    USART3_IRQHandler                        0x080002b1   Thumb Code     0  startup_stm32f427xx.o(.text)
    WWDG_IRQHandler                          0x080002b1   Thumb Code     0  startup_stm32f427xx.o(.text)
    __user_initial_stackheap                 0x080002b5   Thumb Code     0  startup_stm32f427xx.o(.text)
    arm_cos_f32                              0x080002d9   Thumb Code   108  arm_cos_f32.o(.text)
    arm_sin_f32                              0x08000351   Thumb Code   104  arm_sin_f32.o(.text)
    __aeabi_memcpy                           0x080003c5   Thumb Code     0  rt_memcpy_v6.o(.text)
    __rt_memcpy                              0x080003c5   Thumb Code   138  rt_memcpy_v6.o(.text)
    _memcpy_lastbytes                        0x0800042b   Thumb Code     0  rt_memcpy_v6.o(.text)
    __aeabi_memcpy4                          0x0800044f   Thumb Code     0  rt_memcpy_w.o(.text)
    __aeabi_memcpy8                          0x0800044f   Thumb Code     0  rt_memcpy_w.o(.text)
    __rt_memcpy_w                            0x0800044f   Thumb Code   100  rt_memcpy_w.o(.text)
    _memcpy_lastbytes_aligned                0x08000497   Thumb Code     0  rt_memcpy_w.o(.text)
    __aeabi_memclr                           0x080004b3   Thumb Code     0  rt_memclr.o(.text)
    __rt_memclr                              0x080004b3   Thumb Code    68  rt_memclr.o(.text)
    _memset                                  0x080004b7   Thumb Code     0  rt_memclr.o(.text)
    __aeabi_memclr4                          0x080004f7   Thumb Code     0  rt_memclr_w.o(.text)
    __aeabi_memclr8                          0x080004f7   Thumb Code     0  rt_memclr_w.o(.text)
    __rt_memclr_w                            0x080004f7   Thumb Code    78  rt_memclr_w.o(.text)
    _memset_w                                0x080004fb   Thumb Code     0  rt_memclr_w.o(.text)
    __use_two_region_memory                  0x08000545   Thumb Code     2  heapauxi.o(.text)
    __rt_heap_escrow                         0x08000547   Thumb Code     2  heapauxi.o(.text)
    __rt_heap_expand                         0x08000549   Thumb Code     2  heapauxi.o(.text)
    __user_libspace                          0x0800054d   Thumb Code     8  libspace.o(.text)
    __user_perproc_libspace                  0x0800054d   Thumb Code     0  libspace.o(.text)
    __user_perthread_libspace                0x0800054d   Thumb Code     0  libspace.o(.text)
    _fp_trap                                 0x08000555   Thumb Code    44  _fptrap.o(.text)
    __I$use$semihosting                      0x08000585   Thumb Code     0  use_no_semi.o(.text)
    __use_no_semihosting_swi                 0x08000585   Thumb Code     2  use_no_semi.o(.text)
    __semihosting_library_function           0x08000587   Thumb Code     0  indicate_semi.o(.text)
    __user_setup_stackheap                   0x08000587   Thumb Code    74  sys_stackheap_outer.o(.text)
    exit                                     0x080005d1   Thumb Code    18  exit.o(.text)
    __sig_exit                               0x080005e3   Thumb Code    10  defsig_exit.o(.text)
    __rt_SIGFPE                              0x080005ed   Thumb Code    14  defsig_fpe_outer.o(.text)
    _sys_exit                                0x080005fd   Thumb Code     8  sys_exit.o(.text)
    __default_signal_display                 0x08000609   Thumb Code    50  defsig_general.o(.text)
    __rt_SIGFPE_inner                        0x0800063d   Thumb Code    62  defsig_fpe_inner.o(.text)
    _ttywrch                                 0x080006e9   Thumb Code    14  sys_wrch.o(.text)
    ANODT_DATA_Setup                         0x08000711   Thumb Code    10  ano_dt.o(i.ANODT_DATA_Setup)
    ANODT_DATA_Task                          0x08000721   Thumb Code    82  ano_dt.o(i.ANODT_DATA_Task)
    ANODT_SendF2                             0x0800077d   Thumb Code   218  ano_dt.o(i.ANODT_SendF2)
    ANO_DT_LX_Data_Receive_Prepare           0x08000995   Thumb Code   258  lx_imu.o(i.ANO_DT_LX_Data_Receive_Prepare)
    ANO_DT_UART7_Configuration               0x08000aad   Thumb Code   174  uart7.o(i.ANO_DT_UART7_Configuration)
    BSPInit_CompleteBeep                     0x08000b65   Thumb Code    22  buzzer.o(i.BSPInit_CompleteBeep)
    BSP_init                                 0x08000b7d   Thumb Code   156  main.o(i.BSP_init)
    BusFault_Handler                         0x08000c1d   Thumb Code     4  stm32f4xx_it.o(i.BusFault_Handler)
    CAN1_RX0_IRQHandler                      0x08000c21   Thumb Code    38  can_receive.o(i.CAN1_RX0_IRQHandler)
    CAN1_mode_init                           0x08000c51   Thumb Code   264  can.o(i.CAN1_mode_init)
    CAN2_RX0_IRQHandler                      0x08000d61   Thumb Code    38  can_receive.o(i.CAN2_RX0_IRQHandler)
    CAN_CMD_CHASSIS                          0x08000d91   Thumb Code    94  can_receive.o(i.CAN_CMD_CHASSIS)
    CAN_CMD_GIMBAL                           0x08000df5   Thumb Code    68  can_receive.o(i.CAN_CMD_GIMBAL)
    CAN_ClearITPendingBit                    0x08000e41   Thumb Code   162  stm32f4xx_can.o(i.CAN_ClearITPendingBit)
    CAN_FilterInit                           0x08000ee9   Thumb Code   258  stm32f4xx_can.o(i.CAN_FilterInit)
    CAN_GetITStatus                          0x08000ff1   Thumb Code   284  stm32f4xx_can.o(i.CAN_GetITStatus)
    CAN_ITConfig                             0x08001111   Thumb Code    18  stm32f4xx_can.o(i.CAN_ITConfig)
    CAN_Init                                 0x08001123   Thumb Code   276  stm32f4xx_can.o(i.CAN_Init)
    CAN_Receive                              0x08001237   Thumb Code   240  stm32f4xx_can.o(i.CAN_Receive)
    CAN_Transmit                             0x08001327   Thumb Code   294  stm32f4xx_can.o(i.CAN_Transmit)
    DMA2_Stream5_IRQHandler                  0x08001655   Thumb Code    26  ins_task.o(i.DMA2_Stream5_IRQHandler)
    DMA_ClearFlag                            0x08001679   Thumb Code    38  stm32f4xx_dma.o(i.DMA_ClearFlag)
    DMA_Cmd                                  0x080016ad   Thumb Code    22  stm32f4xx_dma.o(i.DMA_Cmd)
    DMA_DeInit                               0x080016c5   Thumb Code   324  stm32f4xx_dma.o(i.DMA_DeInit)
    DMA_DoubleBufferModeCmd                  0x0800181d   Thumb Code    22  stm32f4xx_dma.o(i.DMA_DoubleBufferModeCmd)
    DMA_DoubleBufferModeConfig               0x08001833   Thumb Code    24  stm32f4xx_dma.o(i.DMA_DoubleBufferModeConfig)
    DMA_GetCmdStatus                         0x0800184b   Thumb Code    20  stm32f4xx_dma.o(i.DMA_GetCmdStatus)
    DMA_GetCurrDataCounter                   0x0800185f   Thumb Code     8  stm32f4xx_dma.o(i.DMA_GetCurrDataCounter)
    DMA_GetCurrentMemoryTarget               0x08001867   Thumb Code    20  stm32f4xx_dma.o(i.DMA_GetCurrentMemoryTarget)
    DMA_GetFlagStatus                        0x0800187d   Thumb Code    54  stm32f4xx_dma.o(i.DMA_GetFlagStatus)
    DMA_Init                                 0x080018c1   Thumb Code    82  stm32f4xx_dma.o(i.DMA_Init)
    DMA_SetCurrDataCounter                   0x08001919   Thumb Code     4  stm32f4xx_dma.o(i.DMA_SetCurrDataCounter)
    DebugMon_Handler                         0x0800191d   Thumb Code     2  stm32f4xx_it.o(i.DebugMon_Handler)
    DetectHook                               0x08001921   Thumb Code   286  detect_task.o(i.DetectHook)
    EXTI0_IRQHandler                         0x08001a49   Thumb Code    22  exit_init.o(i.EXTI0_IRQHandler)
    EXTI1_IRQHandler                         0x08001a5f   Thumb Code    22  exit_init.o(i.EXTI1_IRQHandler)
    EXTI9_5_IRQHandler                       0x08001a75   Thumb Code    32  ins_task.o(i.EXTI9_5_IRQHandler)
    EXTI_ClearITPendingBit                   0x08001a95   Thumb Code     6  stm32f4xx_exti.o(i.EXTI_ClearITPendingBit)
    EXTI_GetITStatus                         0x08001aa1   Thumb Code    20  stm32f4xx_exti.o(i.EXTI_GetITStatus)
    EXTI_Init                                0x08001ab9   Thumb Code   142  stm32f4xx_exti.o(i.EXTI_Init)
    GIMBAL_Setup                             0x08002041   Thumb Code    10  gimbal_task.o(i.GIMBAL_Setup)
    GIMBAL_task                              0x08002195   Thumb Code    82  gimbal_task.o(i.GIMBAL_task)
    GM6020_PWM_configuration                 0x080021f9   Thumb Code   262  gm6020_pwm.o(i.GM6020_PWM_configuration)
    GPIOF_Exti0_GPIO_Init                    0x08002309   Thumb Code   126  exit_init.o(i.GPIOF_Exti0_GPIO_Init)
    GPIOF_Exti1_GPIO_Init                    0x0800238d   Thumb Code   126  exit_init.o(i.GPIOF_Exti1_GPIO_Init)
    GPIO_Init                                0x08002411   Thumb Code   144  stm32f4xx_gpio.o(i.GPIO_Init)
    GPIO_PinAFConfig                         0x080024a1   Thumb Code    70  stm32f4xx_gpio.o(i.GPIO_PinAFConfig)
    GPIO_ResetBits                           0x080024e7   Thumb Code     4  stm32f4xx_gpio.o(i.GPIO_ResetBits)
    GPIO_SetBits                             0x080024eb   Thumb Code     4  stm32f4xx_gpio.o(i.GPIO_SetBits)
    GPIO_ToggleBits                          0x080024ef   Thumb Code     8  stm32f4xx_gpio.o(i.GPIO_ToggleBits)
    GetSysTime_us                            0x080024f9   Thumb Code    58  delay.o(i.GetSysTime_us)
    HardFault_Handler                        0x08002569   Thumb Code     4  stm32f4xx_it.o(i.HardFault_Handler)
    LX_ANO_DT_Init                           0x08002799   Thumb Code   166  lx_imu.o(i.LX_ANO_DT_Init)
    LX_IMU_UART8_Configuration               0x08002845   Thumb Code   172  uart8.o(i.LX_IMU_UART8_Configuration)
    MemManage_Handler                        0x08002961   Thumb Code     4  stm32f4xx_it.o(i.MemManage_Handler)
    NMI_Handler                              0x08002965   Thumb Code     2  stm32f4xx_it.o(i.NMI_Handler)
    NVIC_Init                                0x08002969   Thumb Code   106  misc.o(i.NVIC_Init)
    NVIC_PriorityGroupConfig                 0x080029e1   Thumb Code    10  misc.o(i.NVIC_PriorityGroupConfig)
    PID_Calc                                 0x080029f5   Thumb Code   492  pid.o(i.PID_Calc)
    PID_Init                                 0x08002be5   Thumb Code    92  pid.o(i.PID_Init)
    PID_clear                                0x08002c45   Thumb Code    72  pid.o(i.PID_clear)
    Push_Wheel_CW                            0x08002c91   Thumb Code    14  push_motor.o(i.Push_Wheel_CW)
    Push_Wheel_Stop                          0x08002ca5   Thumb Code    14  push_motor.o(i.Push_Wheel_Stop)
    RCC_AHB1PeriphClockCmd                   0x08002cb9   Thumb Code    26  stm32f4xx_rcc.o(i.RCC_AHB1PeriphClockCmd)
    RCC_APB1PeriphClockCmd                   0x08002cd9   Thumb Code    26  stm32f4xx_rcc.o(i.RCC_APB1PeriphClockCmd)
    RCC_APB1PeriphResetCmd                   0x08002cf9   Thumb Code    26  stm32f4xx_rcc.o(i.RCC_APB1PeriphResetCmd)
    RCC_APB2PeriphClockCmd                   0x08002d19   Thumb Code    26  stm32f4xx_rcc.o(i.RCC_APB2PeriphClockCmd)
    RCC_APB2PeriphResetCmd                   0x08002d39   Thumb Code    26  stm32f4xx_rcc.o(i.RCC_APB2PeriphResetCmd)
    RCC_GetClocksFreq                        0x08002d59   Thumb Code   214  stm32f4xx_rcc.o(i.RCC_GetClocksFreq)
    RC_Init                                  0x08002e41   Thumb Code   312  rc.o(i.RC_Init)
    Referee_Task_Init                        0x08002f8d   Thumb Code    34  referee_usart_task.o(i.Referee_Task_Init)
    SPI5_DMA_Enable                          0x08003099   Thumb Code   104  spi.o(i.SPI5_DMA_Enable)
    SYSCFG_EXTILineConfig                    0x0800310d   Thumb Code    60  stm32f4xx_syscfg.o(i.SYSCFG_EXTILineConfig)
    Scheduler_Run                            0x0800314d   Thumb Code    76  start_task.o(i.Scheduler_Run)
    Scheduler_Setup                          0x0800319d   Thumb Code    76  start_task.o(i.Scheduler_Setup)
    SetSuperPowerMcuMsg                      0x080031ed   Thumb Code    96  can_receive.o(i.SetSuperPowerMcuMsg)
    SysTick_CLKSourceConfig                  0x080038d9   Thumb Code    40  misc.o(i.SysTick_CLKSourceConfig)
    SysTick_GetTick                          0x08003901   Thumb Code     6  delay.o(i.SysTick_GetTick)
    SysTick_Handler                          0x0800390d   Thumb Code    22  delay.o(i.SysTick_Handler)
    SystemInit                               0x08003929   Thumb Code    88  system_stm32f4xx.o(i.SystemInit)
    TIM6_DAC_IRQHandler                      0x08003991   Thumb Code    30  can_receive.o(i.TIM6_DAC_IRQHandler)
    TIM_ARRPreloadConfig                     0x080039b5   Thumb Code    24  stm32f4xx_tim.o(i.TIM_ARRPreloadConfig)
    TIM_ClearFlag                            0x080039cd   Thumb Code     6  stm32f4xx_tim.o(i.TIM_ClearFlag)
    TIM_Cmd                                  0x080039d3   Thumb Code    24  stm32f4xx_tim.o(i.TIM_Cmd)
    TIM_CtrlPWMOutputs                       0x080039eb   Thumb Code    30  stm32f4xx_tim.o(i.TIM_CtrlPWMOutputs)
    TIM_GetITStatus                          0x08003a09   Thumb Code    34  stm32f4xx_tim.o(i.TIM_GetITStatus)
    TIM_OC1Init                              0x08003a2d   Thumb Code   114  stm32f4xx_tim.o(i.TIM_OC1Init)
    TIM_OC1PreloadConfig                     0x08003aa9   Thumb Code    18  stm32f4xx_tim.o(i.TIM_OC1PreloadConfig)
    TIM_OC2Init                              0x08003abd   Thumb Code   154  stm32f4xx_tim.o(i.TIM_OC2Init)
    TIM_OC2PreloadConfig                     0x08003b61   Thumb Code    26  stm32f4xx_tim.o(i.TIM_OC2PreloadConfig)
    TIM_OC3Init                              0x08003b7d   Thumb Code   150  stm32f4xx_tim.o(i.TIM_OC3Init)
    TIM_OC3PreloadConfig                     0x08003c1d   Thumb Code    18  stm32f4xx_tim.o(i.TIM_OC3PreloadConfig)
    TIM_OC4Init                              0x08003c31   Thumb Code   112  stm32f4xx_tim.o(i.TIM_OC4Init)
    TIM_OC4PreloadConfig                     0x08003ca9   Thumb Code    26  stm32f4xx_tim.o(i.TIM_OC4PreloadConfig)
    TIM_SetCompare1                          0x08003cc3   Thumb Code     4  stm32f4xx_tim.o(i.TIM_SetCompare1)
    TIM_SetCompare3                          0x08003cc7   Thumb Code     4  stm32f4xx_tim.o(i.TIM_SetCompare3)
    TIM_SetCompare4                          0x08003ccb   Thumb Code     4  stm32f4xx_tim.o(i.TIM_SetCompare4)
    TIM_TimeBaseInit                         0x08003cd1   Thumb Code   104  stm32f4xx_tim.o(i.TIM_TimeBaseInit)
    UART7_IRQHandler                         0x08003d55   Thumb Code     8  uart7.o(i.UART7_IRQHandler)
    UART7_Put_Buf                            0x08003d5d   Thumb Code    62  uart7.o(i.UART7_Put_Buf)
    UART8_IRQHandler                         0x08003da9   Thumb Code    64  uart8.o(i.UART8_IRQHandler)
    USART1_IRQHandler                        0x08003df1   Thumb Code   216  remote_control.o(i.USART1_IRQHandler)
    USART6_DMA_Init                          0x08003ee1   Thumb Code   324  usart6.o(i.USART6_DMA_Init)
    USART6_IRQHandler                        0x08004031   Thumb Code   198  referee_usart_task.o(i.USART6_IRQHandler)
    USART_ClearFlag                          0x08004115   Thumb Code    18  stm32f4xx_usart.o(i.USART_ClearFlag)
    USART_ClearITPendingBit                  0x08004127   Thumb Code    30  stm32f4xx_usart.o(i.USART_ClearITPendingBit)
    USART_Cmd                                0x08004145   Thumb Code    24  stm32f4xx_usart.o(i.USART_Cmd)
    USART_DMACmd                             0x0800415d   Thumb Code    18  stm32f4xx_usart.o(i.USART_DMACmd)
    USART_DeInit                             0x08004171   Thumb Code   206  stm32f4xx_usart.o(i.USART_DeInit)
    USART_GetFlagStatus                      0x08004261   Thumb Code    26  stm32f4xx_usart.o(i.USART_GetFlagStatus)
    USART_GetITStatus                        0x0800427b   Thumb Code    84  stm32f4xx_usart.o(i.USART_GetITStatus)
    USART_ITConfig                           0x080042cf   Thumb Code    74  stm32f4xx_usart.o(i.USART_ITConfig)
    USART_Init                               0x08004319   Thumb Code   204  stm32f4xx_usart.o(i.USART_Init)
    USART_ReceiveData                        0x080043ed   Thumb Code    10  stm32f4xx_usart.o(i.USART_ReceiveData)
    USART_SendData                           0x080043f7   Thumb Code     8  stm32f4xx_usart.o(i.USART_SendData)
    Uart7_IRQ                                0x08004401   Thumb Code   112  uart7.o(i.Uart7_IRQ)
    UsageFault_Handler                       0x08004481   Thumb Code     4  stm32f4xx_it.o(i.UsageFault_Handler)
    Usart_SendByte                           0x08004485   Thumb Code    30  uart8.o(i.Usart_SendByte)
    __hardfp_fabs                            0x080044a9   Thumb Code    20  fabs.o(i.__hardfp_fabs)
    abs_limit                                0x080044c3   Thumb Code    48  user_lib.o(i.abs_limit)
    append_CRC16_check_sum                   0x080044f5   Thumb Code    44  crc8_crc16.o(i.append_CRC16_check_sum)
    append_CRC8_check_sum                    0x08004525   Thumb Code    36  crc8_crc16.o(i.append_CRC8_check_sum)
    buzzer_init                              0x08004549   Thumb Code   174  buzzer.o(i.buzzer_init)
    buzzer_off                               0x08004601   Thumb Code    12  buzzer.o(i.buzzer_off)
    buzzer_on                                0x08004611   Thumb Code    22  buzzer.o(i.buzzer_on)
    chassis_Setup                            0x0800462d   Thumb Code    10  chassis_task.o(i.chassis_Setup)
    chassis_behaviour_control_set            0x0800463d   Thumb Code   156  chassis_behaviour.o(i.chassis_behaviour_control_set)
    chassis_behaviour_mode_set               0x080046dd   Thumb Code   142  chassis_behaviour.o(i.chassis_behaviour_mode_set)
    chassis_rc_to_control_vector             0x08004e79   Thumb Code   320  chassis_task.o(i.chassis_rc_to_control_vector)
    chassis_task                             0x08005239   Thumb Code    62  chassis_task.o(i.chassis_task)
    delay_init                               0x080052fd   Thumb Code    90  delay.o(i.delay_init)
    delay_ms                                 0x08005369   Thumb Code    76  delay.o(i.delay_ms)
    delay_us                                 0x080053b9   Thumb Code    76  delay.o(i.delay_us)
    fifo_s_get                               0x08005409   Thumb Code    58  fifo.o(i.fifo_s_get)
    fifo_s_init                              0x08005443   Thumb Code    22  fifo.o(i.fifo_s_init)
    fifo_s_puts                              0x08005459   Thumb Code   160  fifo.o(i.fifo_s_puts)
    fifo_s_used                              0x080054f9   Thumb Code     6  fifo.o(i.fifo_s_used)
    first_order_filter_cali                  0x080054ff   Thumb Code    84  user_lib.o(i.first_order_filter_cali)
    first_order_filter_init                  0x08005555   Thumb Code    32  user_lib.o(i.first_order_filter_init)
    flow_led_Combo1                          0x08005579   Thumb Code    58  led.o(i.flow_led_Combo1)
    flow_led_off                             0x080055bd   Thumb Code    20  led.o(i.flow_led_off)
    flow_led_toggle                          0x080055d5   Thumb Code    20  led.o(i.flow_led_toggle)
    fp32_constrain                           0x080055ed   Thumb Code    42  user_lib.o(i.fp32_constrain)
    fric1_on                                 0x08005619   Thumb Code    14  fric.o(i.fric1_on)
    fric2_on                                 0x0800562d   Thumb Code    14  fric.o(i.fric2_on)
    fric_PWM_configuration                   0x08005641   Thumb Code   248  fric.o(i.fric_PWM_configuration)
    fric_off                                 0x08005741   Thumb Code    24  fric.o(i.fric_off)
    get_CRC16_check_sum                      0x0800575d   Thumb Code    46  crc8_crc16.o(i.get_CRC16_check_sum)
    get_CRC8_check_sum                       0x08005791   Thumb Code    30  crc8_crc16.o(i.get_CRC8_check_sum)
    get_Chassis_Motor_Measure_Point          0x080057b5   Thumb Code    18  can_receive.o(i.get_Chassis_Motor_Measure_Point)
    get_INS_angle_point                      0x080057cd   Thumb Code     4  ins_task.o(i.get_INS_angle_point)
    get_LX_IMU_angle_point                   0x080057d5   Thumb Code     4  lx_imu.o(i.get_LX_IMU_angle_point)
    get_LX_IMU_gyro_point                    0x080057dd   Thumb Code     4  lx_imu.o(i.get_LX_IMU_gyro_point)
    get_Pitch_Gimbal_Motor_Measure_Point     0x080057e5   Thumb Code     4  can_receive.o(i.get_Pitch_Gimbal_Motor_Measure_Point)
    get_Shoot_Motor_Measure_Point            0x080057ed   Thumb Code     4  can_receive.o(i.get_Shoot_Motor_Measure_Point)
    get_SuperPowerMcu_Msg_Point              0x080057f5   Thumb Code     4  can_receive.o(i.get_SuperPowerMcu_Msg_Point)
    get_Voltage_Point                        0x080057fd   Thumb Code     4  chassis_task.o(i.get_Voltage_Point)
    get_Yaw_Gimbal_Motor_Measure_Point       0x08005805   Thumb Code     4  can_receive.o(i.get_Yaw_Gimbal_Motor_Measure_Point)
    get_pitch_motor_point                    0x0800580d   Thumb Code     4  gimbal_task.o(i.get_pitch_motor_point)
    get_power_heat_data_Point                0x08005815   Thumb Code     4  referee_api.o(i.get_power_heat_data_Point)
    get_remote_control_point                 0x0800581d   Thumb Code     4  remote_control.o(i.get_remote_control_point)
    get_robot_state_data_Point               0x08005825   Thumb Code     4  referee_api.o(i.get_robot_state_data_Point)
    get_switch_point                         0x0800582d   Thumb Code    20  trigger_switch.o(i.get_switch_point)
    get_yaw_motor_point                      0x08005849   Thumb Code     4  gimbal_task.o(i.get_yaw_motor_point)
    gimbal_behaviour_control_set             0x08005979   Thumb Code   332  gimbal_behaviour.o(i.gimbal_behaviour_control_set)
    gimbal_behaviour_mode_set                0x08005ae9   Thumb Code   134  gimbal_behaviour.o(i.gimbal_behaviour_mode_set)
    gimbal_cmd_to_chassis_stop               0x08005d81   Thumb Code    38  gimbal_behaviour.o(i.gimbal_cmd_to_chassis_stop)
    laser_configuration                      0x0800605d   Thumb Code    54  laser.o(i.laser_configuration)
    laser_on                                 0x08006099   Thumb Code    14  laser.o(i.laser_on)
    led_configuration                        0x080060ad   Thumb Code   104  led.o(i.led_configuration)
    led_green_on                             0x08006121   Thumb Code    14  led.o(i.led_green_on)
    led_red_on                               0x08006135   Thumb Code    14  led.o(i.led_red_on)
    loop_fp32_constrain                      0x08006149   Thumb Code    96  user_lib.o(i.loop_fp32_constrain)
    main                                     0x080061a9   Thumb Code    22  main.o(i.main)
    mpu6500_SPI_NS_H                         0x080061f5   Thumb Code    12  mpu6500driver_middleware.o(i.mpu6500_SPI_NS_H)
    mpu6500_SPI_NS_L                         0x08006205   Thumb Code    12  mpu6500driver_middleware.o(i.mpu6500_SPI_NS_L)
    power_ctrl_configuration                 0x08006215   Thumb Code    66  power_ctrl.o(i.power_ctrl_configuration)
    power_ctrl_off                           0x0800625d   Thumb Code    26  power_ctrl.o(i.power_ctrl_off)
    power_ctrl_on                            0x0800627d   Thumb Code    26  power_ctrl.o(i.power_ctrl_on)
    ramp_calc                                0x0800629d   Thumb Code    90  user_lib.o(i.ramp_calc)
    ramp_init                                0x080062f9   Thumb Code    40  user_lib.o(i.ramp_init)
    referee_tx_task                          0x080064a5   Thumb Code   334  referee_usart_task.o(i.referee_tx_task)
    referee_usart_task                       0x08006609   Thumb Code     8  referee_usart_task.o(i.referee_usart_task)
    remote_control_init                      0x08006611   Thumb Code    16  remote_control.o(i.remote_control_init)
    shoot_control_loop                       0x08006625   Thumb Code    24  shoot.o(i.shoot_control_loop)
    shoot_init                               0x0800663d   Thumb Code   238  shoot.o(i.shoot_init)
    sys_time                                 0x08006841   Thumb Code    12  delay.o(i.sys_time)
    trigger_switch_in_PushWheel_detected     0x08006851   Thumb Code     8  trigger_switch.o(i.trigger_switch_in_PushWheel_detected)
    trigger_switch_in_ShootWheel_detected    0x0800685d   Thumb Code     8  trigger_switch.o(i.trigger_switch_in_ShootWheel_detected)
    trigger_switch_init                      0x08006869   Thumb Code    12  trigger_switch.o(i.trigger_switch_init)
    verify_CRC16_check_sum                   0x0800687d   Thumb Code    60  crc8_crc16.o(i.verify_CRC16_check_sum)
    verify_CRC8_check_sum                    0x080068bd   Thumb Code    46  crc8_crc16.o(i.verify_CRC8_check_sum)
    __aeabi_d2f                              0x080068ed   Thumb Code     0  d2f_clz.o(x$fpl$d2f)
    _d2f                                     0x080068ed   Thumb Code   700  d2f_clz.o(x$fpl$d2f)
    __fpl_dcmp_Inf                           0x08006bb1   Thumb Code    24  dcmpi.o(x$fpl$dcmpinf)
    __dflt_normalise                         0x08006bc9   Thumb Code    26  dflt_clz.o(x$fpl$dfltn)
    __aeabi_cdcmple                          0x08006be5   Thumb Code     0  dleqf.o(x$fpl$dleqf)
    _dcmple                                  0x08006be5   Thumb Code   120  dleqf.o(x$fpl$dleqf)
    __fpl_dcmple_InfNaN                      0x08006c3d   Thumb Code     0  dleqf.o(x$fpl$dleqf)
    __fpl_dnaninf                            0x08006c5d   Thumb Code   258  dnaninf.o(x$fpl$dnaninf)
    __fpl_drenorm2                           0x08006d5f   Thumb Code   106  drenorm_clz.o(x$fpl$drenorm)
    __fpl_drenorm1                           0x08006dc9   Thumb Code     6  drenorm_clz.o(x$fpl$drenorm)
    __fpl_dretinf                            0x08006dcf   Thumb Code    12  dretinf.o(x$fpl$dretinf)
    __aeabi_cdrcmple                         0x08006ddb   Thumb Code     0  drleqf.o(x$fpl$drleqf)
    _drcmple                                 0x08006ddb   Thumb Code    98  drleqf.o(x$fpl$drleqf)
    __dunder                                 0x08006e3d   Thumb Code   314  dunder_clz.o(x$fpl$dunder)
    __dunder_d                               0x08006f77   Thumb Code    64  dunder_clz.o(x$fpl$dunder)
    __fpl_exception                          0x08006fb9   Thumb Code   454  except.o(x$fpl$exception)
    __aeabi_f2d                              0x080071a5   Thumb Code     0  f2d.o(x$fpl$f2d)
    _f2d                                     0x080071a5   Thumb Code   122  f2d.o(x$fpl$f2d)
    __fpl_fnaninf                            0x0800721f   Thumb Code   242  fnaninf.o(x$fpl$fnaninf)
    _fp_init                                 0x08007311   Thumb Code    10  fpinit.o(x$fpl$fpinit)
    __fplib_config_fpu_vfp                   0x08007319   Thumb Code     0  fpinit.o(x$fpl$fpinit)
    __fplib_config_pureend_doubles           0x08007319   Thumb Code     0  fpinit.o(x$fpl$fpinit)
    __fpl_fretinf                            0x0800731b   Thumb Code    10  fretinf.o(x$fpl$fretinf)
    __funder                                 0x08007325   Thumb Code   254  funder_clz.o(x$fpl$funder)
    __funder_d                               0x08007423   Thumb Code    62  funder_clz.o(x$fpl$funder)
    __fpl_return_NaN                         0x08007461   Thumb Code   178  retnan.o(x$fpl$retnan)
    _fp_trapveneer                           0x08007513   Thumb Code    36  trapv.o(x$fpl$trapveneer)
    __fpl_cmpreturn                          0x08007537   Thumb Code    90  trapv.o(x$fpl$trapveneer)
    __I$use$fp                               0x08007590   Number         0  usenofp.o(x$fpl$usenofp)
    CRC8_INIT                                0x080075ec   Data           1  crc8_crc16.o(.constdata)
    CRC8_table                               0x080075ed   Data         256  crc8_crc16.o(.constdata)
    wCRC_table                               0x080076ee   Data         512  crc8_crc16.o(.constdata)
    sinTable_f32                             0x080078f0   Data        2052  arm_common_tables.o(.constdata)
    Region$$Table$$Base                      0x080080f4   Number         0  anon$$obj.o(Region$$Table)
    Region$$Table$$Limit                     0x08008114   Number         0  anon$$obj.o(Region$$Table)
    SystemCoreClock                          0x20000000   Data           4  system_stm32f4xx.o(.data)
    AHBPrescTable                            0x20000004   Data          16  system_stm32f4xx.o(.data)
    systime_ms                               0x2000002c   Data           4  delay.o(.data)
    sysTickUptime                            0x20000030   Data           4  delay.o(.data)
    TxCounter                                0x20000036   Data           1  uart7.o(.data)
    count                                    0x20000037   Data           1  uart7.o(.data)
    move_count_flag                          0x2000004e   Data           1  chassis_task.o(.data)
    count_flag                               0x2000004f   Data           1  chassis_task.o(.data)
    gimbal_behaviour                         0x20000054   Data           1  gimbal_behaviour.o(.data)
    test                                     0x20000055   Data           1  gimbal_behaviour.o(.data)
    Yaw_Can_Set_Current                      0x20000070   Data           2  gimbal_task.o(.data)
    Pitch_Can_Set_Current                    0x20000072   Data           2  gimbal_task.o(.data)
    Shoot_Can_Set_Current                    0x20000074   Data           2  gimbal_task.o(.data)
    chous7                                   0x20000076   Data           1  gimbal_task.o(.data)
    sig                                      0x20000088   Data           1  shoot.o(.data)
    sisi1                                    0x20000089   Data           1  shoot.o(.data)
    sisi2                                    0x2000008a   Data           1  shoot.o(.data)
    game_state                               0x200000f0   Data           3  referee_usart_task.o(.data)
    game_result                              0x200000f3   Data           1  referee_usart_task.o(.data)
    field_event                              0x200000f4   Data           4  referee_usart_task.o(.data)
    supply_projectile_action_t               0x200000f8   Data           4  referee_usart_task.o(.data)
    supply_projectile_booking_t              0x200000fc   Data           3  referee_usart_task.o(.data)
    referee_warning_t                        0x200000ff   Data           2  referee_usart_task.o(.data)
    buff_musk_t                              0x20000101   Data           1  referee_usart_task.o(.data)
    robot_energy_t                           0x20000102   Data           2  referee_usart_task.o(.data)
    robot_hurt_t                             0x20000104   Data           1  referee_usart_task.o(.data)
    shoot_data_t                             0x20000105   Data           6  referee_usart_task.o(.data)
    bullet_remaining_t                       0x2000010b   Data           1  referee_usart_task.o(.data)
    Judge_Self_ID                            0x2000010c   Data           1  referee_usart_task.o(.data)
    Judge_SelfClient_ID                      0x2000010e   Data           2  referee_usart_task.o(.data)
    judge                                    0x20000110   Data           4  referee_usart_task.o(.data)
    referee_receive_header                   0x20000114   Data           5  referee_usart_task.o(.data)
    referee_send_header                      0x20000119   Data           5  referee_usart_task.o(.data)
    CRC16_INIT                               0x20000122   Data           2  crc8_crc16.o(.data)
    yaw                                      0x20000124   Data           4  lx_imu.o(.data)
    SHOCK_STA                                0x20000128   Data           1  lx_imu.o(.data)
    trigger_switch_in_PushWheel              0x2000012d   Data           1  trigger_switch.o(.data)
    trigger_switch_in_ShootWheel             0x2000012e   Data           1  trigger_switch.o(.data)
    TxBuffer                                 0x20000130   Data         256  uart7.o(.bss)
    Rx_Buf                                   0x20000230   Data         256  uart7.o(.bss)
    motor_yaw                                0x20000330   Data          10  can_receive.o(.bss)
    motor_pit                                0x2000033a   Data          10  can_receive.o(.bss)
    motor_push                               0x20000344   Data          10  can_receive.o(.bss)
    motor_shoot                              0x2000034e   Data          10  can_receive.o(.bss)
    motor_chassis                            0x20000358   Data          40  can_receive.o(.bss)
    super_power_mcu_msg                      0x20000380   Data          10  can_receive.o(.bss)
    chassis_move                             0x200003c8   Data         568  chassis_task.o(.bss)
    gimbal_control                           0x20000744   Data         488  gimbal_task.o(.bss)
    mpu6500_spi_rxbuf                        0x2000092c   Data          23  ins_task.o(.bss)
    mpu6500_real_data                        0x20000944   Data          32  ins_task.o(.bss)
    gyro_cali_offset                         0x20000964   Data          12  ins_task.o(.bss)
    Gyro_Offset                              0x20000970   Data          12  ins_task.o(.bss)
    Mag_Offset                               0x20000998   Data          12  ins_task.o(.bss)
    INS_gyro                                 0x200009a4   Data          12  ins_task.o(.bss)
    INS_Angle                                0x200009c8   Data          12  ins_task.o(.bss)
    filter_buf                               0x20000a2c   Data          52  ins_task.o(.bss)
    rc_ctrl                                  0x20000a84   Data          22  remote_control.o(.bss)
    SBUS_rx_buf                              0x20000a9a   Data          72  remote_control.o(.bss)
    push_motor_pid                           0x20000ae4   Data          72  shoot.o(.bss)
    shoot_motor_pid                          0x20000b2c   Data          72  shoot.o(.bss)
    shoot_system                             0x20000b74   Data         108  shoot.o(.bss)
    test_dT_1000hz                           0x20000be0   Data          12  start_task.o(.bss)
    test_rT                                  0x20000bec   Data          24  start_task.o(.bss)
    usart6_buf                               0x20000c04   Data        1024  referee_usart_task.o(.bss)
    referee_fifo                             0x20001004   Data          24  referee_usart_task.o(.bss)
    referee_fifo_buf                         0x2000101c   Data        1024  referee_usart_task.o(.bss)
    game_robot_HP_t                          0x2000141c   Data          28  referee_usart_task.o(.bss)
    robot_state                              0x20001438   Data          15  referee_usart_task.o(.bss)
    power_heat_data_t                        0x20001447   Data          14  referee_usart_task.o(.bss)
    game_robot_pos_t                         0x20001455   Data          16  referee_usart_task.o(.bss)
    student_interactive_data                 0x20001465   Data          12  referee_usart_task.o(.bss)
    RobotCommunatianData                     0x20001471   Data         128  referee_usart_task.o(.bss)
    client_com_graphic_single                0x200014f1   Data          30  referee_usart_task.o(.bss)
    referee_unpack_obj                       0x2000150f   Data         137  referee_usart_task.o(.bss)
    TeammateTxBuffer                         0x20001598   Data         128  referee_usart_task.o(.bss)
    send_buffer                              0x20001618   Data          50  lx_imu.o(.bss)
    Gyro                                     0x2000164c   Data          12  lx_imu.o(.bss)
    Angle                                    0x20001658   Data          12  lx_imu.o(.bss)
    dt                                       0x20001664   Data        1564  lx_imu.o(.bss)
    ParValList                               0x20001d80   Data         400  ano_dt.o(.bss)
    f                                        0x20001f10   Data          20  ano_dt.o(.bss)
    data_to_send                             0x20001f24   Data          50  ano_dt.o(.bss)
    robot_status_dt_dataset                  0x20001f58   Data          12  ano_dt.o(.bss)
    DataToSend                               0x20001f64   Data         100  ano_dt.o(.bss)
    __libspace_start                         0x20001fc8   Data          96  libspace.o(.bss)
    __temporary_stack_top$libspace           0x20002028   Data           0  libspace.o(.bss)



==============================================================================

Memory Map of the image

  Image Entry point : 0x080001ad

  Load Region LR_IROM1 (Base: 0x08000000, Size: 0x00008244, Max: 0x00200000, ABSOLUTE, COMPRESSED[0x00008164])

    Execution Region ER_IROM1 (Exec base: 0x08000000, Load base: 0x08000000, Size: 0x00008114, Max: 0x00200000, ABSOLUTE)

    Exec Addr    Load Addr    Size         Type   Attr      Idx    E Section Name        Object

    0x08000000   0x08000000   0x000001ac   Data   RO            3    RESET               startup_stm32f427xx.o
    0x080001ac   0x080001ac   0x00000008   Code   RO         8918  * !!!main             c_w.l(__main.o)
    0x080001b4   0x080001b4   0x00000034   Code   RO         9268    !!!scatter          c_w.l(__scatter.o)
    0x080001e8   0x080001e8   0x0000005a   Code   RO         9266    !!dczerorl2         c_w.l(__dczerorl2.o)
    0x08000242   0x08000242   0x00000002   PAD
    0x08000244   0x08000244   0x0000001c   Code   RO         9270    !!handler_zi        c_w.l(__scatter_zi.o)
    0x08000260   0x08000260   0x00000002   Code   RO         9205    .ARM.Collect$$libinit$$00000000  c_w.l(libinit.o)
    0x08000262   0x08000262   0x00000004   Code   RO         9026    .ARM.Collect$$libinit$$00000001  c_w.l(libinit2.o)
    0x08000266   0x08000266   0x00000000   Code   RO         9029    .ARM.Collect$$libinit$$00000004  c_w.l(libinit2.o)
    0x08000266   0x08000266   0x00000000   Code   RO         9032    .ARM.Collect$$libinit$$0000000A  c_w.l(libinit2.o)
    0x08000266   0x08000266   0x00000000   Code   RO         9034    .ARM.Collect$$libinit$$0000000C  c_w.l(libinit2.o)
    0x08000266   0x08000266   0x00000000   Code   RO         9036    .ARM.Collect$$libinit$$0000000E  c_w.l(libinit2.o)
    0x08000266   0x08000266   0x00000000   Code   RO         9039    .ARM.Collect$$libinit$$00000011  c_w.l(libinit2.o)
    0x08000266   0x08000266   0x00000000   Code   RO         9041    .ARM.Collect$$libinit$$00000013  c_w.l(libinit2.o)
    0x08000266   0x08000266   0x00000000   Code   RO         9043    .ARM.Collect$$libinit$$00000015  c_w.l(libinit2.o)
    0x08000266   0x08000266   0x00000000   Code   RO         9045    .ARM.Collect$$libinit$$00000017  c_w.l(libinit2.o)
    0x08000266   0x08000266   0x00000000   Code   RO         9047    .ARM.Collect$$libinit$$00000019  c_w.l(libinit2.o)
    0x08000266   0x08000266   0x00000000   Code   RO         9049    .ARM.Collect$$libinit$$0000001B  c_w.l(libinit2.o)
    0x08000266   0x08000266   0x00000000   Code   RO         9051    .ARM.Collect$$libinit$$0000001D  c_w.l(libinit2.o)
    0x08000266   0x08000266   0x00000000   Code   RO         9053    .ARM.Collect$$libinit$$0000001F  c_w.l(libinit2.o)
    0x08000266   0x08000266   0x00000000   Code   RO         9055    .ARM.Collect$$libinit$$00000021  c_w.l(libinit2.o)
    0x08000266   0x08000266   0x00000000   Code   RO         9057    .ARM.Collect$$libinit$$00000023  c_w.l(libinit2.o)
    0x08000266   0x08000266   0x00000000   Code   RO         9059    .ARM.Collect$$libinit$$00000025  c_w.l(libinit2.o)
    0x08000266   0x08000266   0x00000000   Code   RO         9063    .ARM.Collect$$libinit$$0000002C  c_w.l(libinit2.o)
    0x08000266   0x08000266   0x00000000   Code   RO         9065    .ARM.Collect$$libinit$$0000002E  c_w.l(libinit2.o)
    0x08000266   0x08000266   0x00000000   Code   RO         9067    .ARM.Collect$$libinit$$00000030  c_w.l(libinit2.o)
    0x08000266   0x08000266   0x00000000   Code   RO         9069    .ARM.Collect$$libinit$$00000032  c_w.l(libinit2.o)
    0x08000266   0x08000266   0x00000002   Code   RO         9070    .ARM.Collect$$libinit$$00000033  c_w.l(libinit2.o)
    0x08000268   0x08000268   0x00000002   Code   RO         9263    .ARM.Collect$$libshutdown$$00000000  c_w.l(libshutdown.o)
    0x0800026a   0x0800026a   0x00000000   Code   RO         9221    .ARM.Collect$$libshutdown$$00000002  c_w.l(libshutdown2.o)
    0x0800026a   0x0800026a   0x00000000   Code   RO         9223    .ARM.Collect$$libshutdown$$00000004  c_w.l(libshutdown2.o)
    0x0800026a   0x0800026a   0x00000000   Code   RO         9226    .ARM.Collect$$libshutdown$$00000007  c_w.l(libshutdown2.o)
    0x0800026a   0x0800026a   0x00000000   Code   RO         9229    .ARM.Collect$$libshutdown$$0000000A  c_w.l(libshutdown2.o)
    0x0800026a   0x0800026a   0x00000000   Code   RO         9231    .ARM.Collect$$libshutdown$$0000000C  c_w.l(libshutdown2.o)
    0x0800026a   0x0800026a   0x00000000   Code   RO         9234    .ARM.Collect$$libshutdown$$0000000F  c_w.l(libshutdown2.o)
    0x0800026a   0x0800026a   0x00000002   Code   RO         9235    .ARM.Collect$$libshutdown$$00000010  c_w.l(libshutdown2.o)
    0x0800026c   0x0800026c   0x00000000   Code   RO         8996    .ARM.Collect$$rtentry$$00000000  c_w.l(__rtentry.o)
    0x0800026c   0x0800026c   0x00000000   Code   RO         9135    .ARM.Collect$$rtentry$$00000002  c_w.l(__rtentry2.o)
    0x0800026c   0x0800026c   0x00000006   Code   RO         9147    .ARM.Collect$$rtentry$$00000004  c_w.l(__rtentry4.o)
    0x08000272   0x08000272   0x00000000   Code   RO         9137    .ARM.Collect$$rtentry$$00000009  c_w.l(__rtentry2.o)
    0x08000272   0x08000272   0x00000004   Code   RO         9138    .ARM.Collect$$rtentry$$0000000A  c_w.l(__rtentry2.o)
    0x08000276   0x08000276   0x00000000   Code   RO         9140    .ARM.Collect$$rtentry$$0000000C  c_w.l(__rtentry2.o)
    0x08000276   0x08000276   0x00000008   Code   RO         9141    .ARM.Collect$$rtentry$$0000000D  c_w.l(__rtentry2.o)
    0x0800027e   0x0800027e   0x00000002   Code   RO         9208    .ARM.Collect$$rtexit$$00000000  c_w.l(rtexit.o)
    0x08000280   0x08000280   0x00000000   Code   RO         9239    .ARM.Collect$$rtexit$$00000002  c_w.l(rtexit2.o)
    0x08000280   0x08000280   0x00000004   Code   RO         9240    .ARM.Collect$$rtexit$$00000003  c_w.l(rtexit2.o)
    0x08000284   0x08000284   0x00000006   Code   RO         9241    .ARM.Collect$$rtexit$$00000004  c_w.l(rtexit2.o)
    0x0800028a   0x0800028a   0x00000002   PAD
    0x0800028c   0x0800028c   0x0000004c   Code   RO            4    .text               startup_stm32f427xx.o
    0x080002d8   0x080002d8   0x00000078   Code   RO         8688    .text               arm_cortexM4lf_math.lib(arm_cos_f32.o)
    0x08000350   0x08000350   0x00000074   Code   RO         8741    .text               arm_cortexM4lf_math.lib(arm_sin_f32.o)
    0x080003c4   0x080003c4   0x0000008a   Code   RO         8908    .text               c_w.l(rt_memcpy_v6.o)
    0x0800044e   0x0800044e   0x00000064   Code   RO         8910    .text               c_w.l(rt_memcpy_w.o)
    0x080004b2   0x080004b2   0x00000044   Code   RO         8912    .text               c_w.l(rt_memclr.o)
    0x080004f6   0x080004f6   0x0000004e   Code   RO         8914    .text               c_w.l(rt_memclr_w.o)
    0x08000544   0x08000544   0x00000006   Code   RO         8916    .text               c_w.l(heapauxi.o)
    0x0800054a   0x0800054a   0x00000002   PAD
    0x0800054c   0x0800054c   0x00000008   Code   RO         9131    .text               c_w.l(libspace.o)
    0x08000554   0x08000554   0x00000030   Code   RO         9162    .text               c_w.l(_fptrap.o)
    0x08000584   0x08000584   0x00000002   Code   RO         9177    .text               c_w.l(use_no_semi.o)
    0x08000586   0x08000586   0x00000000   Code   RO         9179    .text               c_w.l(indicate_semi.o)
    0x08000586   0x08000586   0x0000004a   Code   RO         9180    .text               c_w.l(sys_stackheap_outer.o)
    0x080005d0   0x080005d0   0x00000012   Code   RO         9186    .text               c_w.l(exit.o)
    0x080005e2   0x080005e2   0x0000000a   Code   RO         9188    .text               c_w.l(defsig_exit.o)
    0x080005ec   0x080005ec   0x0000000e   Code   RO         9190    .text               c_w.l(defsig_fpe_outer.o)
    0x080005fa   0x080005fa   0x00000002   PAD
    0x080005fc   0x080005fc   0x0000000c   Code   RO         9206    .text               c_w.l(sys_exit.o)
    0x08000608   0x08000608   0x00000032   Code   RO         9216    .text               c_w.l(defsig_general.o)
    0x0800063a   0x0800063a   0x00000002   PAD
    0x0800063c   0x0800063c   0x000000ac   Code   RO         9218    .text               c_w.l(defsig_fpe_inner.o)
    0x080006e8   0x080006e8   0x0000000e   Code   RO         9236    .text               c_w.l(sys_wrch.o)
    0x080006f6   0x080006f6   0x00000018   Code   RO         8544    i.ANODT_DATA_Init   ano_dt.o
    0x0800070e   0x0800070e   0x00000002   PAD
    0x08000710   0x08000710   0x00000010   Code   RO         8545    i.ANODT_DATA_Setup  ano_dt.o
    0x08000720   0x08000720   0x0000005c   Code   RO         8546    i.ANODT_DATA_Task   ano_dt.o
    0x0800077c   0x0800077c   0x000000e0   Code   RO         8548    i.ANODT_SendF2      ano_dt.o
    0x0800085c   0x0800085c   0x00000138   Code   RO         8379    i.ANO_DT_LX_Data_Receive_Anl  lx_imu.o
    0x08000994   0x08000994   0x00000118   Code   RO         8380    i.ANO_DT_LX_Data_Receive_Prepare  lx_imu.o
    0x08000aac   0x08000aac   0x000000b8   Code   RO         6845    i.ANO_DT_UART7_Configuration  uart7.o
    0x08000b64   0x08000b64   0x00000016   Code   RO         6040    i.BSPInit_CompleteBeep  buzzer.o
    0x08000b7a   0x08000b7a   0x00000002   PAD
    0x08000b7c   0x08000b7c   0x000000a0   Code   RO         5852    i.BSP_init          main.o
    0x08000c1c   0x08000c1c   0x00000004   Code   RO           13    i.BusFault_Handler  stm32f4xx_it.o
    0x08000c20   0x08000c20   0x00000030   Code   RO         6991    i.CAN1_RX0_IRQHandler  can_receive.o
    0x08000c50   0x08000c50   0x00000110   Code   RO         6091    i.CAN1_mode_init    can.o
    0x08000d60   0x08000d60   0x00000030   Code   RO         6992    i.CAN2_RX0_IRQHandler  can_receive.o
    0x08000d90   0x08000d90   0x00000064   Code   RO         6993    i.CAN_CMD_CHASSIS   can_receive.o
    0x08000df4   0x08000df4   0x0000004c   Code   RO         6995    i.CAN_CMD_GIMBAL    can_receive.o
    0x08000e40   0x08000e40   0x000000a8   Code   RO          527    i.CAN_ClearITPendingBit  stm32f4xx_can.o
    0x08000ee8   0x08000ee8   0x00000108   Code   RO          531    i.CAN_FilterInit    stm32f4xx_can.o
    0x08000ff0   0x08000ff0   0x00000120   Code   RO          533    i.CAN_GetITStatus   stm32f4xx_can.o
    0x08001110   0x08001110   0x00000012   Code   RO          537    i.CAN_ITConfig      stm32f4xx_can.o
    0x08001122   0x08001122   0x00000114   Code   RO          538    i.CAN_Init          stm32f4xx_can.o
    0x08001236   0x08001236   0x000000f0   Code   RO          541    i.CAN_Receive       stm32f4xx_can.o
    0x08001326   0x08001326   0x00000126   Code   RO          546    i.CAN_Transmit      stm32f4xx_can.o
    0x0800144c   0x0800144c   0x000001f4   Code   RO         6996    i.CAN_hook          can_receive.o
    0x08001640   0x08001640   0x00000012   Code   RO          549    i.CheckITStatus     stm32f4xx_can.o
    0x08001652   0x08001652   0x00000002   PAD
    0x08001654   0x08001654   0x00000024   Code   RO         7561    i.DMA2_Stream5_IRQHandler  ins_task.o
    0x08001678   0x08001678   0x00000034   Code   RO         1304    i.DMA_ClearFlag     stm32f4xx_dma.o
    0x080016ac   0x080016ac   0x00000016   Code   RO         1306    i.DMA_Cmd           stm32f4xx_dma.o
    0x080016c2   0x080016c2   0x00000002   PAD
    0x080016c4   0x080016c4   0x00000158   Code   RO         1307    i.DMA_DeInit        stm32f4xx_dma.o
    0x0800181c   0x0800181c   0x00000016   Code   RO         1308    i.DMA_DoubleBufferModeCmd  stm32f4xx_dma.o
    0x08001832   0x08001832   0x00000018   Code   RO         1309    i.DMA_DoubleBufferModeConfig  stm32f4xx_dma.o
    0x0800184a   0x0800184a   0x00000014   Code   RO         1311    i.DMA_GetCmdStatus  stm32f4xx_dma.o
    0x0800185e   0x0800185e   0x00000008   Code   RO         1312    i.DMA_GetCurrDataCounter  stm32f4xx_dma.o
    0x08001866   0x08001866   0x00000014   Code   RO         1313    i.DMA_GetCurrentMemoryTarget  stm32f4xx_dma.o
    0x0800187a   0x0800187a   0x00000002   PAD
    0x0800187c   0x0800187c   0x00000044   Code   RO         1315    i.DMA_GetFlagStatus  stm32f4xx_dma.o
    0x080018c0   0x080018c0   0x00000058   Code   RO         1318    i.DMA_Init          stm32f4xx_dma.o
    0x08001918   0x08001918   0x00000004   Code   RO         1321    i.DMA_SetCurrDataCounter  stm32f4xx_dma.o
    0x0800191c   0x0800191c   0x00000002   Code   RO           14    i.DebugMon_Handler  stm32f4xx_it.o
    0x0800191e   0x0800191e   0x00000002   PAD
    0x08001920   0x08001920   0x00000128   Code   RO         7274    i.DetectHook        detect_task.o
    0x08001a48   0x08001a48   0x00000016   Code   RO         6190    i.EXTI0_IRQHandler  exit_init.o
    0x08001a5e   0x08001a5e   0x00000016   Code   RO         6191    i.EXTI1_IRQHandler  exit_init.o
    0x08001a74   0x08001a74   0x00000020   Code   RO         7562    i.EXTI9_5_IRQHandler  ins_task.o
    0x08001a94   0x08001a94   0x0000000c   Code   RO         1590    i.EXTI_ClearITPendingBit  stm32f4xx_exti.o
    0x08001aa0   0x08001aa0   0x00000018   Code   RO         1594    i.EXTI_GetITStatus  stm32f4xx_exti.o
    0x08001ab8   0x08001ab8   0x00000094   Code   RO         1595    i.EXTI_Init         stm32f4xx_exti.o
    0x08001b4c   0x08001b4c   0x00000070   Code   RO         7419    i.GIMBAL_Control_loop  gimbal_task.o
    0x08001bbc   0x08001bbc   0x0000008c   Code   RO         7420    i.GIMBAL_Feedback_Update  gimbal_task.o
    0x08001c48   0x08001c48   0x0000019c   Code   RO         7421    i.GIMBAL_Init       gimbal_task.o
    0x08001de4   0x08001de4   0x000000c0   Code   RO         7422    i.GIMBAL_Mode_Change_Control_Transit  gimbal_task.o
    0x08001ea4   0x08001ea4   0x000000bc   Code   RO         7423    i.GIMBAL_PID_Calc   gimbal_task.o
    0x08001f60   0x08001f60   0x00000030   Code   RO         7424    i.GIMBAL_PID_Init   gimbal_task.o
    0x08001f90   0x08001f90   0x0000009c   Code   RO         7425    i.GIMBAL_Set_Contorl  gimbal_task.o
    0x0800202c   0x0800202c   0x00000012   Code   RO         7426    i.GIMBAL_Set_Mode   gimbal_task.o
    0x0800203e   0x0800203e   0x00000002   PAD
    0x08002040   0x08002040   0x00000010   Code   RO         7427    i.GIMBAL_Setup      gimbal_task.o
    0x08002050   0x08002050   0x000000f4   Code   RO         7428    i.GIMBAL_absolute_angle_limit  gimbal_task.o
    0x08002144   0x08002144   0x0000004e   Code   RO         7429    i.GIMBAL_relative_angle_limit  gimbal_task.o
    0x08002192   0x08002192   0x00000002   PAD
    0x08002194   0x08002194   0x00000064   Code   RO         7430    i.GIMBAL_task       gimbal_task.o
    0x080021f8   0x080021f8   0x00000110   Code   RO         6821    i.GM6020_PWM_configuration  gm6020_pwm.o
    0x08002308   0x08002308   0x00000084   Code   RO         6193    i.GPIOF_Exti0_GPIO_Init  exit_init.o
    0x0800238c   0x0800238c   0x00000084   Code   RO         6194    i.GPIOF_Exti1_GPIO_Init  exit_init.o
    0x08002410   0x08002410   0x00000090   Code   RO         2151    i.GPIO_Init         stm32f4xx_gpio.o
    0x080024a0   0x080024a0   0x00000046   Code   RO         2152    i.GPIO_PinAFConfig  stm32f4xx_gpio.o
    0x080024e6   0x080024e6   0x00000004   Code   RO         2158    i.GPIO_ResetBits    stm32f4xx_gpio.o
    0x080024ea   0x080024ea   0x00000004   Code   RO         2159    i.GPIO_SetBits      stm32f4xx_gpio.o
    0x080024ee   0x080024ee   0x00000008   Code   RO         2161    i.GPIO_ToggleBits   stm32f4xx_gpio.o
    0x080024f6   0x080024f6   0x00000002   PAD
    0x080024f8   0x080024f8   0x00000040   Code   RO         6124    i.GetSysTime_us     delay.o
    0x08002538   0x08002538   0x00000030   Code   RO         7431    i.Gimbal_PID_clear  gimbal_task.o
    0x08002568   0x08002568   0x00000004   Code   RO           15    i.HardFault_Handler  stm32f4xx_it.o
    0x0800256c   0x0800256c   0x0000022c   Code   RO         7969    i.Judge_Read_Data   referee_usart_task.o
    0x08002798   0x08002798   0x000000ac   Code   RO         8384    i.LX_ANO_DT_Init    lx_imu.o
    0x08002844   0x08002844   0x000000b4   Code   RO         6747    i.LX_IMU_UART8_Configuration  uart8.o
    0x080028f8   0x080028f8   0x0000004c   Code   RO         7854    i.Loop_1000Hz       start_task.o
    0x08002944   0x08002944   0x00000002   Code   RO         7855    i.Loop_100Hz        start_task.o
    0x08002946   0x08002946   0x00000008   Code   RO         7856    i.Loop_200Hz        start_task.o
    0x0800294e   0x0800294e   0x00000002   Code   RO         7857    i.Loop_20Hz         start_task.o
    0x08002950   0x08002950   0x00000002   Code   RO         7858    i.Loop_2Hz          start_task.o
    0x08002952   0x08002952   0x0000000c   Code   RO         7859    i.Loop_500Hz        start_task.o
    0x0800295e   0x0800295e   0x00000002   Code   RO         7860    i.Loop_50Hz         start_task.o
    0x08002960   0x08002960   0x00000004   Code   RO           16    i.MemManage_Handler  stm32f4xx_it.o
    0x08002964   0x08002964   0x00000002   Code   RO           17    i.NMI_Handler       stm32f4xx_it.o
    0x08002966   0x08002966   0x00000002   PAD
    0x08002968   0x08002968   0x00000078   Code   RO          231    i.NVIC_Init         misc.o
    0x080029e0   0x080029e0   0x00000014   Code   RO          232    i.NVIC_PriorityGroupConfig  misc.o
    0x080029f4   0x080029f4   0x000001f0   Code   RO         7677    i.PID_Calc          pid.o
    0x08002be4   0x08002be4   0x00000060   Code   RO         7678    i.PID_Init          pid.o
    0x08002c44   0x08002c44   0x0000004c   Code   RO         7679    i.PID_clear         pid.o
    0x08002c90   0x08002c90   0x00000014   Code   RO         8509    i.Push_Wheel_CW     push_motor.o
    0x08002ca4   0x08002ca4   0x00000014   Code   RO         8510    i.Push_Wheel_Stop   push_motor.o
    0x08002cb8   0x08002cb8   0x00000020   Code   RO         3089    i.RCC_AHB1PeriphClockCmd  stm32f4xx_rcc.o
    0x08002cd8   0x08002cd8   0x00000020   Code   RO         3098    i.RCC_APB1PeriphClockCmd  stm32f4xx_rcc.o
    0x08002cf8   0x08002cf8   0x00000020   Code   RO         3100    i.RCC_APB1PeriphResetCmd  stm32f4xx_rcc.o
    0x08002d18   0x08002d18   0x00000020   Code   RO         3101    i.RCC_APB2PeriphClockCmd  stm32f4xx_rcc.o
    0x08002d38   0x08002d38   0x00000020   Code   RO         3103    i.RCC_APB2PeriphResetCmd  stm32f4xx_rcc.o
    0x08002d58   0x08002d58   0x000000e8   Code   RO         3110    i.RCC_GetClocksFreq  stm32f4xx_rcc.o
    0x08002e40   0x08002e40   0x0000014c   Code   RO         6530    i.RC_Init           rc.o
    0x08002f8c   0x08002f8c   0x00000030   Code   RO         7970    i.Referee_Task_Init  referee_usart_task.o
    0x08002fbc   0x08002fbc   0x000000da   Code   RO         7718    i.SBUS_TO_RC        remote_control.o
    0x08003096   0x08003096   0x00000002   PAD
    0x08003098   0x08003098   0x00000074   Code   RO         6610    i.SPI5_DMA_Enable   spi.o
    0x0800310c   0x0800310c   0x00000040   Code   RO         4415    i.SYSCFG_EXTILineConfig  stm32f4xx_syscfg.o
    0x0800314c   0x0800314c   0x00000050   Code   RO         7861    i.Scheduler_Run     start_task.o
    0x0800319c   0x0800319c   0x00000050   Code   RO         7862    i.Scheduler_Setup   start_task.o
    0x080031ec   0x080031ec   0x00000064   Code   RO         6997    i.SetSuperPowerMcuMsg  can_receive.o
    0x08003250   0x08003250   0x00000120   Code   RO          190    i.SetSysClock       system_stm32f4xx.o
    0x08003370   0x08003370   0x00000110   Code   RO         7787    i.Shoot_Calcualte   shoot.o
    0x08003480   0x08003480   0x000001e4   Code   RO         7788    i.Shoot_Feedback_Update  shoot.o
    0x08003664   0x08003664   0x00000018   Code   RO         7789    i.Shoot_Mode_Change_Control_Transit  shoot.o
    0x0800367c   0x0800367c   0x0000011c   Code   RO         7790    i.Shoot_Set_Control  shoot.o
    0x08003798   0x08003798   0x00000140   Code   RO         7791    i.Shoot_Set_Mode    shoot.o
    0x080038d8   0x080038d8   0x00000028   Code   RO          235    i.SysTick_CLKSourceConfig  misc.o
    0x08003900   0x08003900   0x0000000c   Code   RO         6125    i.SysTick_GetTick   delay.o
    0x0800390c   0x0800390c   0x0000001c   Code   RO         6126    i.SysTick_Handler   delay.o
    0x08003928   0x08003928   0x00000068   Code   RO          192    i.SystemInit        system_stm32f4xx.o
    0x08003990   0x08003990   0x00000024   Code   RO         6998    i.TIM6_DAC_IRQHandler  can_receive.o
    0x080039b4   0x080039b4   0x00000018   Code   RO         4476    i.TIM_ARRPreloadConfig  stm32f4xx_tim.o
    0x080039cc   0x080039cc   0x00000006   Code   RO         4482    i.TIM_ClearFlag     stm32f4xx_tim.o
    0x080039d2   0x080039d2   0x00000018   Code   RO         4488    i.TIM_Cmd           stm32f4xx_tim.o
    0x080039ea   0x080039ea   0x0000001e   Code   RO         4490    i.TIM_CtrlPWMOutputs  stm32f4xx_tim.o
    0x08003a08   0x08003a08   0x00000022   Code   RO         4509    i.TIM_GetITStatus   stm32f4xx_tim.o
    0x08003a2a   0x08003a2a   0x00000002   PAD
    0x08003a2c   0x08003a2c   0x0000007c   Code   RO         4517    i.TIM_OC1Init       stm32f4xx_tim.o
    0x08003aa8   0x08003aa8   0x00000012   Code   RO         4520    i.TIM_OC1PreloadConfig  stm32f4xx_tim.o
    0x08003aba   0x08003aba   0x00000002   PAD
    0x08003abc   0x08003abc   0x000000a4   Code   RO         4522    i.TIM_OC2Init       stm32f4xx_tim.o
    0x08003b60   0x08003b60   0x0000001a   Code   RO         4525    i.TIM_OC2PreloadConfig  stm32f4xx_tim.o
    0x08003b7a   0x08003b7a   0x00000002   PAD
    0x08003b7c   0x08003b7c   0x000000a0   Code   RO         4527    i.TIM_OC3Init       stm32f4xx_tim.o
    0x08003c1c   0x08003c1c   0x00000012   Code   RO         4530    i.TIM_OC3PreloadConfig  stm32f4xx_tim.o
    0x08003c2e   0x08003c2e   0x00000002   PAD
    0x08003c30   0x08003c30   0x00000078   Code   RO         4532    i.TIM_OC4Init       stm32f4xx_tim.o
    0x08003ca8   0x08003ca8   0x0000001a   Code   RO         4534    i.TIM_OC4PreloadConfig  stm32f4xx_tim.o
    0x08003cc2   0x08003cc2   0x00000004   Code   RO         4550    i.TIM_SetCompare1   stm32f4xx_tim.o
    0x08003cc6   0x08003cc6   0x00000004   Code   RO         4552    i.TIM_SetCompare3   stm32f4xx_tim.o
    0x08003cca   0x08003cca   0x00000004   Code   RO         4553    i.TIM_SetCompare4   stm32f4xx_tim.o
    0x08003cce   0x08003cce   0x00000002   PAD
    0x08003cd0   0x08003cd0   0x00000084   Code   RO         4560    i.TIM_TimeBaseInit  stm32f4xx_tim.o
    0x08003d54   0x08003d54   0x00000008   Code   RO         6846    i.UART7_IRQHandler  uart7.o
    0x08003d5c   0x08003d5c   0x0000004c   Code   RO         6847    i.UART7_Put_Buf     uart7.o
    0x08003da8   0x08003da8   0x00000048   Code   RO         6748    i.UART8_IRQHandler  uart8.o
    0x08003df0   0x08003df0   0x000000f0   Code   RO         7719    i.USART1_IRQHandler  remote_control.o
    0x08003ee0   0x08003ee0   0x00000150   Code   RO         6720    i.USART6_DMA_Init   usart6.o
    0x08004030   0x08004030   0x000000e4   Code   RO         7971    i.USART6_IRQHandler  referee_usart_task.o
    0x08004114   0x08004114   0x00000012   Code   RO         5038    i.USART_ClearFlag   stm32f4xx_usart.o
    0x08004126   0x08004126   0x0000001e   Code   RO         5039    i.USART_ClearITPendingBit  stm32f4xx_usart.o
    0x08004144   0x08004144   0x00000018   Code   RO         5042    i.USART_Cmd         stm32f4xx_usart.o
    0x0800415c   0x0800415c   0x00000012   Code   RO         5043    i.USART_DMACmd      stm32f4xx_usart.o
    0x0800416e   0x0800416e   0x00000002   PAD
    0x08004170   0x08004170   0x000000f0   Code   RO         5044    i.USART_DeInit      stm32f4xx_usart.o
    0x08004260   0x08004260   0x0000001a   Code   RO         5045    i.USART_GetFlagStatus  stm32f4xx_usart.o
    0x0800427a   0x0800427a   0x00000054   Code   RO         5046    i.USART_GetITStatus  stm32f4xx_usart.o
    0x080042ce   0x080042ce   0x0000004a   Code   RO         5048    i.USART_ITConfig    stm32f4xx_usart.o
    0x08004318   0x08004318   0x000000d4   Code   RO         5049    i.USART_Init        stm32f4xx_usart.o
    0x080043ec   0x080043ec   0x0000000a   Code   RO         5056    i.USART_ReceiveData  stm32f4xx_usart.o
    0x080043f6   0x080043f6   0x00000008   Code   RO         5059    i.USART_SendData    stm32f4xx_usart.o
    0x080043fe   0x080043fe   0x00000002   PAD
    0x08004400   0x08004400   0x00000080   Code   RO         6849    i.Uart7_IRQ         uart7.o
    0x08004480   0x08004480   0x00000004   Code   RO           18    i.UsageFault_Handler  stm32f4xx_it.o
    0x08004484   0x08004484   0x0000001e   Code   RO         6751    i.Usart_SendByte    uart8.o
    0x080044a2   0x080044a2   0x00000006   Code   RO         8110    i.__get_PRIMASK     fifo.o
    0x080044a8   0x080044a8   0x00000014   Code   RO         8976    i.__hardfp_fabs     m_wm.l(fabs.o)
    0x080044bc   0x080044bc   0x00000006   Code   RO         8111    i.__set_PRIMASK     fifo.o
    0x080044c2   0x080044c2   0x00000030   Code   RO         5750    i.abs_limit         user_lib.o
    0x080044f2   0x080044f2   0x00000002   PAD
    0x080044f4   0x080044f4   0x00000030   Code   RO         8049    i.append_CRC16_check_sum  crc8_crc16.o
    0x08004524   0x08004524   0x00000024   Code   RO         8050    i.append_CRC8_check_sum  crc8_crc16.o
    0x08004548   0x08004548   0x000000b8   Code   RO         6042    i.buzzer_init       buzzer.o
    0x08004600   0x08004600   0x00000010   Code   RO         6043    i.buzzer_off        buzzer.o
    0x08004610   0x08004610   0x0000001c   Code   RO         6044    i.buzzer_on         buzzer.o
    0x0800462c   0x0800462c   0x00000010   Code   RO         7176    i.chassis_Setup     chassis_task.o
    0x0800463c   0x0800463c   0x000000a0   Code   RO         7102    i.chassis_behaviour_control_set  chassis_behaviour.o
    0x080046dc   0x080046dc   0x00000094   Code   RO         7103    i.chassis_behaviour_mode_set  chassis_behaviour.o
    0x08004770   0x08004770   0x000001c4   Code   RO         7177    i.chassis_control_loop  chassis_task.o
    0x08004934   0x08004934   0x00000060   Code   RO         7104    i.chassis_engineer_follow_chassis_yaw_control  chassis_behaviour.o
    0x08004994   0x08004994   0x0000019c   Code   RO         7178    i.chassis_feedback_update  chassis_task.o
    0x08004b30   0x08004b30   0x0000011c   Code   RO         7105    i.chassis_infantry_follow_gimbal_yaw_control  chassis_behaviour.o
    0x08004c4c   0x08004c4c   0x00000108   Code   RO         7179    i.chassis_init      chassis_task.o
    0x08004d54   0x08004d54   0x00000058   Code   RO         7180    i.chassis_mode_change_control_transit  chassis_task.o
    0x08004dac   0x08004dac   0x00000044   Code   RO         7106    i.chassis_no_follow_yaw_control  chassis_behaviour.o
    0x08004df0   0x08004df0   0x0000002c   Code   RO         7107    i.chassis_no_move_control  chassis_behaviour.o
    0x08004e1c   0x08004e1c   0x0000005c   Code   RO         7108    i.chassis_open_set_control  chassis_behaviour.o
    0x08004e78   0x08004e78   0x0000016c   Code   RO         7182    i.chassis_rc_to_control_vector  chassis_task.o
    0x08004fe4   0x08004fe4   0x0000023c   Code   RO         7183    i.chassis_set_contorl  chassis_task.o
    0x08005220   0x08005220   0x00000018   Code   RO         7184    i.chassis_set_mode  chassis_task.o
    0x08005238   0x08005238   0x00000044   Code   RO         7185    i.chassis_task      chassis_task.o
    0x0800527c   0x0800527c   0x00000054   Code   RO         7186    i.chassis_vector_to_mecanum_wheel_speed  chassis_task.o
    0x080052d0   0x080052d0   0x0000002c   Code   RO         7109    i.chassis_zero_force_control  chassis_behaviour.o
    0x080052fc   0x080052fc   0x0000006c   Code   RO         6127    i.delay_init        delay.o
    0x08005368   0x08005368   0x00000050   Code   RO         6128    i.delay_ms          delay.o
    0x080053b8   0x080053b8   0x00000050   Code   RO         6129    i.delay_us          delay.o
    0x08005408   0x08005408   0x0000003a   Code   RO         8129    i.fifo_s_get        fifo.o
    0x08005442   0x08005442   0x00000016   Code   RO         8132    i.fifo_s_init       fifo.o
    0x08005458   0x08005458   0x000000a0   Code   RO         8138    i.fifo_s_puts       fifo.o
    0x080054f8   0x080054f8   0x00000006   Code   RO         8140    i.fifo_s_used       fifo.o
    0x080054fe   0x080054fe   0x00000054   Code   RO         5751    i.first_order_filter_cali  user_lib.o
    0x08005552   0x08005552   0x00000002   PAD
    0x08005554   0x08005554   0x00000024   Code   RO         5752    i.first_order_filter_init  user_lib.o
    0x08005578   0x08005578   0x00000044   Code   RO         6397    i.flow_led_Combo1   led.o
    0x080055bc   0x080055bc   0x00000018   Code   RO         6398    i.flow_led_off      led.o
    0x080055d4   0x080055d4   0x00000018   Code   RO         6400    i.flow_led_toggle   led.o
    0x080055ec   0x080055ec   0x0000002a   Code   RO         5753    i.fp32_constrain    user_lib.o
    0x08005616   0x08005616   0x00000002   PAD
    0x08005618   0x08005618   0x00000014   Code   RO         6313    i.fric1_on          fric.o
    0x0800562c   0x0800562c   0x00000014   Code   RO         6314    i.fric2_on          fric.o
    0x08005640   0x08005640   0x00000100   Code   RO         6315    i.fric_PWM_configuration  fric.o
    0x08005740   0x08005740   0x0000001c   Code   RO         6316    i.fric_off          fric.o
    0x0800575c   0x0800575c   0x00000034   Code   RO         8051    i.get_CRC16_check_sum  crc8_crc16.o
    0x08005790   0x08005790   0x00000024   Code   RO         8052    i.get_CRC8_check_sum  crc8_crc16.o
    0x080057b4   0x080057b4   0x00000018   Code   RO         6999    i.get_Chassis_Motor_Measure_Point  can_receive.o
    0x080057cc   0x080057cc   0x00000008   Code   RO         7570    i.get_INS_angle_point  ins_task.o
    0x080057d4   0x080057d4   0x00000008   Code   RO         8386    i.get_LX_IMU_angle_point  lx_imu.o
    0x080057dc   0x080057dc   0x00000008   Code   RO         8387    i.get_LX_IMU_gyro_point  lx_imu.o
    0x080057e4   0x080057e4   0x00000008   Code   RO         7000    i.get_Pitch_Gimbal_Motor_Measure_Point  can_receive.o
    0x080057ec   0x080057ec   0x00000008   Code   RO         7002    i.get_Shoot_Motor_Measure_Point  can_receive.o
    0x080057f4   0x080057f4   0x00000008   Code   RO         7003    i.get_SuperPowerMcu_Msg_Point  can_receive.o
    0x080057fc   0x080057fc   0x00000008   Code   RO         7187    i.get_Voltage_Point  chassis_task.o
    0x08005804   0x08005804   0x00000008   Code   RO         7004    i.get_Yaw_Gimbal_Motor_Measure_Point  can_receive.o
    0x0800580c   0x0800580c   0x00000008   Code   RO         7434    i.get_pitch_motor_point  gimbal_task.o
    0x08005814   0x08005814   0x00000008   Code   RO         8325    i.get_power_heat_data_Point  referee_api.o
    0x0800581c   0x0800581c   0x00000008   Code   RO         7720    i.get_remote_control_point  remote_control.o
    0x08005824   0x08005824   0x00000008   Code   RO         8327    i.get_robot_state_data_Point  referee_api.o
    0x0800582c   0x0800582c   0x0000001c   Code   RO         8457    i.get_switch_point  trigger_switch.o
    0x08005848   0x08005848   0x00000008   Code   RO         7435    i.get_yaw_motor_point  gimbal_task.o
    0x08005850   0x08005850   0x00000128   Code   RO         7333    i.gimbal_absolute_angle_control  gimbal_behaviour.o
    0x08005978   0x08005978   0x00000170   Code   RO         7334    i.gimbal_behaviour_control_set  gimbal_behaviour.o
    0x08005ae8   0x08005ae8   0x0000008c   Code   RO         7335    i.gimbal_behaviour_mode_set  gimbal_behaviour.o
    0x08005b74   0x08005b74   0x0000003c   Code   RO         7336    i.gimbal_behavour_set  gimbal_behaviour.o
    0x08005bb0   0x08005bb0   0x000001d0   Code   RO         7337    i.gimbal_cali_control  gimbal_behaviour.o
    0x08005d80   0x08005d80   0x0000002c   Code   RO         7338    i.gimbal_cmd_to_chassis_stop  gimbal_behaviour.o
    0x08005dac   0x08005dac   0x000000c4   Code   RO         7340    i.gimbal_init_control  gimbal_behaviour.o
    0x08005e70   0x08005e70   0x00000020   Code   RO         7341    i.gimbal_motionless_control  gimbal_behaviour.o
    0x08005e90   0x08005e90   0x0000005c   Code   RO         7436    i.gimbal_motor_absolute_angle_control  gimbal_task.o
    0x08005eec   0x08005eec   0x00000022   Code   RO         7437    i.gimbal_motor_raw_angle_control  gimbal_task.o
    0x08005f0e   0x08005f0e   0x0000005e   Code   RO         7438    i.gimbal_motor_relative_angle_control  gimbal_task.o
    0x08005f6c   0x08005f6c   0x0000000c   Code   RO         7342    i.gimbal_relative_angle_control  gimbal_behaviour.o
    0x08005f78   0x08005f78   0x00000020   Code   RO         7343    i.gimbal_zero_force_control  gimbal_behaviour.o
    0x08005f98   0x08005f98   0x000000c4   Code   RO         7972    i.init_referee_struct_data  referee_usart_task.o
    0x0800605c   0x0800605c   0x0000003c   Code   RO         6358    i.laser_configuration  laser.o
    0x08006098   0x08006098   0x00000014   Code   RO         6360    i.laser_on          laser.o
    0x080060ac   0x080060ac   0x00000074   Code   RO         6401    i.led_configuration  led.o
    0x08006120   0x08006120   0x00000014   Code   RO         6403    i.led_green_on      led.o
    0x08006134   0x08006134   0x00000014   Code   RO         6406    i.led_red_on        led.o
    0x08006148   0x08006148   0x00000060   Code   RO         5758    i.loop_fp32_constrain  user_lib.o
    0x080061a8   0x080061a8   0x00000016   Code   RO         5853    i.main              main.o
    0x080061be   0x080061be   0x00000002   PAD
    0x080061c0   0x080061c0   0x00000034   Code   RO         7439    i.motor_ecd_to_angle_change  gimbal_task.o
    0x080061f4   0x080061f4   0x00000010   Code   RO         5665    i.mpu6500_SPI_NS_H  mpu6500driver_middleware.o
    0x08006204   0x08006204   0x00000010   Code   RO         5666    i.mpu6500_SPI_NS_L  mpu6500driver_middleware.o
    0x08006214   0x08006214   0x00000048   Code   RO         6485    i.power_ctrl_configuration  power_ctrl.o
    0x0800625c   0x0800625c   0x00000020   Code   RO         6486    i.power_ctrl_off    power_ctrl.o
    0x0800627c   0x0800627c   0x00000020   Code   RO         6487    i.power_ctrl_on     power_ctrl.o
    0x0800629c   0x0800629c   0x0000005a   Code   RO         5759    i.ramp_calc         user_lib.o
    0x080062f6   0x080062f6   0x00000002   PAD
    0x080062f8   0x080062f8   0x0000002c   Code   RO         5760    i.ramp_init         user_lib.o
    0x08006324   0x08006324   0x00000180   Code   RO         7973    i.referee_data_solve  referee_usart_task.o
    0x080064a4   0x080064a4   0x00000164   Code   RO         7974    i.referee_tx_task   referee_usart_task.o
    0x08006608   0x08006608   0x00000008   Code   RO         7975    i.referee_usart_task  referee_usart_task.o
    0x08006610   0x08006610   0x00000014   Code   RO         7721    i.remote_control_init  remote_control.o
    0x08006624   0x08006624   0x00000018   Code   RO         7792    i.shoot_control_loop  shoot.o
    0x0800663c   0x0800663c   0x00000124   Code   RO         7793    i.shoot_init        shoot.o
    0x08006760   0x08006760   0x000000a4   Code   RO         7188    i.super_cap_mode_set  chassis_task.o
    0x08006804   0x08006804   0x0000003a   Code   RO         7189    i.super_power_data_transmit  chassis_task.o
    0x0800683e   0x0800683e   0x00000002   PAD
    0x08006840   0x08006840   0x00000010   Code   RO         6130    i.sys_time          delay.o
    0x08006850   0x08006850   0x0000000c   Code   RO         8459    i.trigger_switch_in_PushWheel_detected  trigger_switch.o
    0x0800685c   0x0800685c   0x0000000c   Code   RO         8460    i.trigger_switch_in_ShootWheel_detected  trigger_switch.o
    0x08006868   0x08006868   0x00000014   Code   RO         8461    i.trigger_switch_init  trigger_switch.o
    0x0800687c   0x0800687c   0x00000040   Code   RO         8053    i.verify_CRC16_check_sum  crc8_crc16.o
    0x080068bc   0x080068bc   0x0000002e   Code   RO         8054    i.verify_CRC8_check_sum  crc8_crc16.o
    0x080068ea   0x080068ea   0x00000002   PAD
    0x080068ec   0x080068ec   0x000002c4   Code   RO         8920    x$fpl$d2f           g_wm.l(d2f_clz.o)
    0x08006bb0   0x08006bb0   0x00000018   Code   RO         9071    x$fpl$dcmpinf       g_wm.l(dcmpi.o)
    0x08006bc8   0x08006bc8   0x0000001a   Code   RO         9075    x$fpl$dfltn         g_wm.l(dflt_clz.o)
    0x08006be2   0x08006be2   0x00000002   PAD
    0x08006be4   0x08006be4   0x00000078   Code   RO         8932    x$fpl$dleqf         g_wm.l(dleqf.o)
    0x08006c5c   0x08006c5c   0x00000102   Code   RO         9079    x$fpl$dnaninf       g_wm.l(dnaninf.o)
    0x08006d5e   0x08006d5e   0x00000070   Code   RO         9081    x$fpl$drenorm       g_wm.l(drenorm_clz.o)
    0x08006dce   0x08006dce   0x0000000c   Code   RO         9083    x$fpl$dretinf       g_wm.l(dretinf.o)
    0x08006dda   0x08006dda   0x00000062   Code   RO         8936    x$fpl$drleqf        g_wm.l(drleqf.o)
    0x08006e3c   0x08006e3c   0x0000017a   Code   RO         9085    x$fpl$dunder        g_wm.l(dunder_clz.o)
    0x08006fb6   0x08006fb6   0x00000002   PAD
    0x08006fb8   0x08006fb8   0x000001ec   Code   RO         9087    x$fpl$exception     g_wm.l(except.o)
    0x080071a4   0x080071a4   0x0000007a   Code   RO         8938    x$fpl$f2d           g_wm.l(f2d.o)
    0x0800721e   0x0800721e   0x000000f2   Code   RO         9089    x$fpl$fnaninf       g_wm.l(fnaninf.o)
    0x08007310   0x08007310   0x0000000a   Code   RO         9173    x$fpl$fpinit        g_wm.l(fpinit.o)
    0x0800731a   0x0800731a   0x0000000a   Code   RO         9091    x$fpl$fretinf       g_wm.l(fretinf.o)
    0x08007324   0x08007324   0x0000013c   Code   RO         9093    x$fpl$funder        g_wm.l(funder_clz.o)
    0x08007460   0x08007460   0x000000b2   Code   RO         9175    x$fpl$retnan        g_wm.l(retnan.o)
    0x08007512   0x08007512   0x0000007e   Code   RO         9095    x$fpl$trapveneer    g_wm.l(trapv.o)
    0x08007590   0x08007590   0x00000000   Code   RO         9097    x$fpl$usenofp       g_wm.l(usenofp.o)
    0x08007590   0x08007590   0x00000020   Data   RO         7191    .constdata          chassis_task.o
    0x080075b0   0x080075b0   0x00000018   Data   RO         7442    .constdata          gimbal_task.o
    0x080075c8   0x080075c8   0x00000024   Data   RO         7795    .constdata          shoot.o
    0x080075ec   0x080075ec   0x00000302   Data   RO         8055    .constdata          crc8_crc16.o
    0x080078ee   0x080078ee   0x00000002   PAD
    0x080078f0   0x080078f0   0x00000804   Data   RO         8821    .constdata          arm_cortexM4lf_math.lib(arm_common_tables.o)
    0x080080f4   0x080080f4   0x00000020   Data   RO         9264    Region$$Table       anon$$obj.o


    Execution Region RW_IRAM1 (Exec base: 0x20000000, Load base: 0x08008114, Size: 0x00002428, Max: 0x00030000, ABSOLUTE, COMPRESSED[0x00000050])

    Exec Addr    Load Addr    Size         Type   Attr      Idx    E Section Name        Object

    0x20000000   COMPRESSED   0x00000014   Data   RW          193    .data               system_stm32f4xx.o
    0x20000014   COMPRESSED   0x00000010   Data   RW         3142    .data               stm32f4xx_rcc.o
    0x20000024   COMPRESSED   0x00000010   Data   RW         6131    .data               delay.o
    0x20000034   COMPRESSED   0x00000002   Data   RW         6408    .data               led.o
    0x20000036   COMPRESSED   0x00000002   Data   RW         6851    .data               uart7.o
    0x20000038   COMPRESSED   0x00000001   Data   RW         7006    .data               can_receive.o
    0x20000039   COMPRESSED   0x00000003   PAD
    0x2000003c   COMPRESSED   0x00000011   Data   RW         7110    .data               chassis_behaviour.o
    0x2000004d   COMPRESSED   0x00000001   PAD
    0x2000004e   COMPRESSED   0x00000006   Data   RW         7192    .data               chassis_task.o
    0x20000054   COMPRESSED   0x0000001c   Data   RW         7344    .data               gimbal_behaviour.o
    0x20000070   COMPRESSED   0x00000010   Data   RW         7443    .data               gimbal_task.o
    0x20000080   COMPRESSED   0x00000002   Data   RW         7725    .data               remote_control.o
    0x20000082   COMPRESSED   0x00000002   PAD
    0x20000084   COMPRESSED   0x00000018   Data   RW         7796    .data               shoot.o
    0x2000009c   COMPRESSED   0x00000054   Data   RW         7864    .data               start_task.o
    0x200000f0   COMPRESSED   0x00000032   Data   RW         7977    .data               referee_usart_task.o
    0x20000122   COMPRESSED   0x00000002   Data   RW         8056    .data               crc8_crc16.o
    0x20000124   COMPRESSED   0x00000009   Data   RW         8389    .data               lx_imu.o
    0x2000012d   COMPRESSED   0x00000002   Data   RW         8462    .data               trigger_switch.o
    0x2000012f   COMPRESSED   0x00000001   PAD
    0x20000130        -       0x00000200   Zero   RW         6850    .bss                uart7.o
    0x20000330        -       0x00000098   Zero   RW         7005    .bss                can_receive.o
    0x200003c8        -       0x00000238   Zero   RW         7190    .bss                chassis_task.o
    0x20000600        -       0x00000144   Zero   RW         7279    .bss                detect_task.o
    0x20000744        -       0x000001e8   Zero   RW         7441    .bss                gimbal_task.o
    0x2000092c        -       0x00000158   Zero   RW         7573    .bss                ins_task.o
    0x20000a84        -       0x0000005e   Zero   RW         7724    .bss                remote_control.o
    0x20000ae2   COMPRESSED   0x00000002   PAD
    0x20000ae4        -       0x000000fc   Zero   RW         7794    .bss                shoot.o
    0x20000be0        -       0x00000024   Zero   RW         7863    .bss                start_task.o
    0x20000c04        -       0x00000a14   Zero   RW         7976    .bss                referee_usart_task.o
    0x20001618        -       0x00000768   Zero   RW         8388    .bss                lx_imu.o
    0x20001d80        -       0x00000248   Zero   RW         8549    .bss                ano_dt.o
    0x20001fc8        -       0x00000060   Zero   RW         9132    .bss                c_w.l(libspace.o)
    0x20002028        -       0x00000000   Zero   RW            2    HEAP                startup_stm32f427xx.o
    0x20002028        -       0x00000400   Zero   RW            1    STACK               startup_stm32f427xx.o


==============================================================================

Image component sizes


      Code (inc. data)   RO Data    RW Data    ZI Data      Debug   Object Name

       356         22          0          0        584       5454   ano_dt.o
       250         20          0          0          0       2410   buzzer.o
         0          0          0          0          0        544   calibrate_task.o
       272          8          0          0          0       1045   can.o
       964         96          0          1        152      10606   can_receive.o
       936         76          0         17          0      14729   chassis_behaviour.o
      2574        178         32          6        568      11008   chassis_task.o
       282         20        770          2          0       5050   crc8_crc16.o
       388         48          0         16          0       4637   delay.o
       296         10          0          0        324       2493   detect_task.o
       308         12          0          0          0       2946   exit_init.o
       258          0          0          0          0       5431   fifo.o
       324         24          0          0          0       2346   fric.o
      1644        136          0         28          0      12828   gimbal_behaviour.o
      2040        128         24         16        488      13667   gimbal_task.o
       272         10          0          0          0        815   gm6020_pwm.o
        76         14          0          0        344       6751   ins_task.o
        80         12          0          0          0       1049   laser.o
       272         42          0          2          0       3239   led.o
       780         62          0          9       1896       5468   lx_imu.o
       182          4          0          0          0       9754   main.o
       180         24          0          0          0       2033   misc.o
        32          8          0          0          0       1046   mpu6500driver_middleware.o
       668         12          0          0          0       2870   pid.o
       136         18          0          0          0       1812   power_ctrl.o
        40         12          0          0          0        994   push_motor.o
       332         20          0          0          0       1290   rc.o
        16          8          0          0          0       1509   referee_api.o
      1776        224          0         50       2580       7860   referee_usart_task.o
       486         32          0          2         94       4723   remote_control.o
      1700        152         36         24        252       8229   shoot.o
       116         12          0          0          0        590   spi.o
       264         18          0         84         36       5859   start_task.o
        76         28        428          0       1024        884   startup_stm32f427xx.o
      1566         16          0          0          0       6326   stm32f4xx_can.o
       672         54          0          0          0       7943   stm32f4xx_dma.o
       184         16          0          0          0       2048   stm32f4xx_exti.o
       230          0          0          0          0       3373   stm32f4xx_gpio.o
        20          0          0          0          0     324917   stm32f4xx_it.o
       392         48          0         16          0       5765   stm32f4xx_rcc.o
        64          4          0          0          0        644   stm32f4xx_syscfg.o
       918         66          0          0          0      11041   stm32f4xx_tim.o
       744         42          0          0          0       7863   stm32f4xx_usart.o
       392         32          0         20          0       1833   system_stm32f4xx.o
        72         24          0          2          0       2907   trigger_switch.o
       396         40          0          2        512       3214   uart7.o
       282         16          0          0          0       2533   uart8.o
       336         12          0          0          0       1350   usart6.o
       440          8          0          0          0       5435   user_lib.o

    ----------------------------------------------------------------------
     25134       1868       1324        304       8856     549161   Object Totals
         0          0         32          0          0          0   (incl. Generated)
        50          0          2          7          2          0   (incl. Padding)

    ----------------------------------------------------------------------

      Code (inc. data)   RO Data    RW Data    ZI Data      Debug   Library Member Name

         0          0       2052          0          0       4636   arm_common_tables.o
       120         12          0          0          0      16970   arm_cos_f32.o
       116         12          0          0          0        658   arm_sin_f32.o
        90          0          0          0          0          0   __dczerorl2.o
         8          0          0          0          0         68   __main.o
         0          0          0          0          0          0   __rtentry.o
        12          0          0          0          0          0   __rtentry2.o
         6          0          0          0          0          0   __rtentry4.o
        52          8          0          0          0          0   __scatter.o
        28          0          0          0          0          0   __scatter_zi.o
        48          4          0          0          0         84   _fptrap.o
        10          0          0          0          0         68   defsig_exit.o
       172        110          0          0          0         76   defsig_fpe_inner.o
        14          0          0          0          0         80   defsig_fpe_outer.o
        50          0          0          0          0         88   defsig_general.o
        18          0          0          0          0         80   exit.o
         6          0          0          0          0        152   heapauxi.o
         0          0          0          0          0          0   indicate_semi.o
         2          0          0          0          0          0   libinit.o
         6          0          0          0          0          0   libinit2.o
         2          0          0          0          0          0   libshutdown.o
         2          0          0          0          0          0   libshutdown2.o
         8          4          0          0         96         68   libspace.o
        68          0          0          0          0         68   rt_memclr.o
        78          0          0          0          0         80   rt_memclr_w.o
       138          0          0          0          0         68   rt_memcpy_v6.o
       100          0          0          0          0         80   rt_memcpy_w.o
         2          0          0          0          0          0   rtexit.o
        10          0          0          0          0          0   rtexit2.o
        12          4          0          0          0         68   sys_exit.o
        74          0          0          0          0         80   sys_stackheap_outer.o
        14          0          0          0          0         76   sys_wrch.o
         2          0          0          0          0         68   use_no_semi.o
       708         16          0          0          0        140   d2f_clz.o
        24          0          0          0          0        116   dcmpi.o
        26          0          0          0          0        116   dflt_clz.o
       120          8          0          0          0        140   dleqf.o
       258          4          0          0          0        156   dnaninf.o
       112          0          0          0          0        160   drenorm_clz.o
        12          0          0          0          0        116   dretinf.o
        98          0          0          0          0        128   drleqf.o
       378          0          0          0          0        168   dunder_clz.o
       492         36          0          0          0        148   except.o
       122          8          0          0          0        132   f2d.o
       242          4          0          0          0        144   fnaninf.o
        10          0          0          0          0        116   fpinit.o
        10          0          0          0          0        116   fretinf.o
       316          0          0          0          0        132   funder_clz.o
       178          0          0          0          0        116   retnan.o
       126          0          0          0          0        148   trapv.o
         0          0          0          0          0          0   usenofp.o
        20          0          0          0          0        124   fabs.o

    ----------------------------------------------------------------------
      4534        230       2052          0         96      26032   Library Totals
        14          0          0          0          0          0   (incl. Padding)

    ----------------------------------------------------------------------

      Code (inc. data)   RO Data    RW Data    ZI Data      Debug   Library Name

       236         24       2052          0          0      22264   arm_cortexM4lf_math.lib
      1032        130          0          0         96       1352   c_w.l
      3232         76          0          0          0       2292   g_wm.l
        20          0          0          0          0        124   m_wm.l

    ----------------------------------------------------------------------
      4534        230       2052          0         96      26032   Library Totals

    ----------------------------------------------------------------------

==============================================================================


      Code (inc. data)   RO Data    RW Data    ZI Data      Debug   

     29668       2098       3376        304       8952     549017   Grand Totals
     29668       2098       3376         80       8952     549017   ELF Image Totals (compressed)
     29668       2098       3376         80          0          0   ROM Totals

==============================================================================

    Total RO  Size (Code + RO Data)                33044 (  32.27kB)
    Total RW  Size (RW Data + ZI Data)              9256 (   9.04kB)
    Total ROM Size (Code + RO Data + RW Data)      33124 (  32.35kB)

==============================================================================

